Archive member included to satisfy reference by file (symbol)

/opt/homebrew/Cellar/arm-none-eabi-gcc/9-2019-q4-major/gcc/bin/../lib/gcc/arm-none-eabi/9.2.1/../../../../arm-none-eabi/lib/thumb/v7e-m+dp/hard/libc_nano.a(lib_a-exit.o)
                              /opt/homebrew/Cellar/arm-none-eabi-gcc/9-2019-q4-major/gcc/bin/../lib/gcc/arm-none-eabi/9.2.1/../../../../arm-none-eabi/lib/thumb/v7e-m+dp/hard/crt0.o (exit)
/opt/homebrew/Cellar/arm-none-eabi-gcc/9-2019-q4-major/gcc/bin/../lib/gcc/arm-none-eabi/9.2.1/../../../../arm-none-eabi/lib/thumb/v7e-m+dp/hard/libc_nano.a(lib_a-impure.o)
                              /opt/homebrew/Cellar/arm-none-eabi-gcc/9-2019-q4-major/gcc/bin/../lib/gcc/arm-none-eabi/9.2.1/../../../../arm-none-eabi/lib/thumb/v7e-m+dp/hard/libc_nano.a(lib_a-exit.o) (_global_impure_ptr)
/opt/homebrew/Cellar/arm-none-eabi-gcc/9-2019-q4-major/gcc/bin/../lib/gcc/arm-none-eabi/9.2.1/../../../../arm-none-eabi/lib/thumb/v7e-m+dp/hard/libc_nano.a(lib_a-init.o)
                              /opt/homebrew/Cellar/arm-none-eabi-gcc/9-2019-q4-major/gcc/bin/../lib/gcc/arm-none-eabi/9.2.1/../../../../arm-none-eabi/lib/thumb/v7e-m+dp/hard/crt0.o (__libc_init_array)
/opt/homebrew/Cellar/arm-none-eabi-gcc/9-2019-q4-major/gcc/bin/../lib/gcc/arm-none-eabi/9.2.1/../../../../arm-none-eabi/lib/thumb/v7e-m+dp/hard/libc_nano.a(lib_a-memcpy-stub.o)
                              build/usbh_mtp_ptp.o (memcpy)
/opt/homebrew/Cellar/arm-none-eabi-gcc/9-2019-q4-major/gcc/bin/../lib/gcc/arm-none-eabi/9.2.1/../../../../arm-none-eabi/lib/thumb/v7e-m+dp/hard/libc_nano.a(lib_a-memmove.o)
                              build/arm_pool_q7_HWC.o (memmove)
/opt/homebrew/Cellar/arm-none-eabi-gcc/9-2019-q4-major/gcc/bin/../lib/gcc/arm-none-eabi/9.2.1/../../../../arm-none-eabi/lib/thumb/v7e-m+dp/hard/libc_nano.a(lib_a-memset.o)
                              /opt/homebrew/Cellar/arm-none-eabi-gcc/9-2019-q4-major/gcc/bin/../lib/gcc/arm-none-eabi/9.2.1/../../../../arm-none-eabi/lib/thumb/v7e-m+dp/hard/crt0.o (memset)
/opt/homebrew/Cellar/arm-none-eabi-gcc/9-2019-q4-major/gcc/bin/../lib/gcc/arm-none-eabi/9.2.1/../../../../arm-none-eabi/lib/thumb/v7e-m+dp/hard/libc_nano.a(lib_a-nano-vfprintf_float.o)
                              (_printf_float)
/opt/homebrew/Cellar/arm-none-eabi-gcc/9-2019-q4-major/gcc/bin/../lib/gcc/arm-none-eabi/9.2.1/../../../../arm-none-eabi/lib/thumb/v7e-m+dp/hard/libc_nano.a(lib_a-nano-vfprintf_i.o)
                              /opt/homebrew/Cellar/arm-none-eabi-gcc/9-2019-q4-major/gcc/bin/../lib/gcc/arm-none-eabi/9.2.1/../../../../arm-none-eabi/lib/thumb/v7e-m+dp/hard/libc_nano.a(lib_a-nano-vfprintf_float.o) (_printf_common)
/opt/homebrew/Cellar/arm-none-eabi-gcc/9-2019-q4-major/gcc/bin/../lib/gcc/arm-none-eabi/9.2.1/../../../../arm-none-eabi/lib/thumb/v7e-m+dp/hard/libc_nano.a(lib_a-strlen.o)
                              /opt/homebrew/Cellar/arm-none-eabi-gcc/9-2019-q4-major/gcc/bin/../lib/gcc/arm-none-eabi/9.2.1/../../../../arm-none-eabi/lib/thumb/v7e-m+dp/hard/libc_nano.a(lib_a-nano-vfprintf_float.o) (strlen)
/opt/homebrew/Cellar/arm-none-eabi-gcc/9-2019-q4-major/gcc/bin/../lib/gcc/arm-none-eabi/9.2.1/../../../../arm-none-eabi/lib/thumb/v7e-m+dp/hard/libc_nano.a(lib_a-dtoa.o)
                              /opt/homebrew/Cellar/arm-none-eabi-gcc/9-2019-q4-major/gcc/bin/../lib/gcc/arm-none-eabi/9.2.1/../../../../arm-none-eabi/lib/thumb/v7e-m+dp/hard/libc_nano.a(lib_a-nano-vfprintf_float.o) (_dtoa_r)
/opt/homebrew/Cellar/arm-none-eabi-gcc/9-2019-q4-major/gcc/bin/../lib/gcc/arm-none-eabi/9.2.1/../../../../arm-none-eabi/lib/thumb/v7e-m+dp/hard/libc_nano.a(lib_a-localeconv.o)
                              /opt/homebrew/Cellar/arm-none-eabi-gcc/9-2019-q4-major/gcc/bin/../lib/gcc/arm-none-eabi/9.2.1/../../../../arm-none-eabi/lib/thumb/v7e-m+dp/hard/libc_nano.a(lib_a-nano-vfprintf_float.o) (_localeconv_r)
/opt/homebrew/Cellar/arm-none-eabi-gcc/9-2019-q4-major/gcc/bin/../lib/gcc/arm-none-eabi/9.2.1/../../../../arm-none-eabi/lib/thumb/v7e-m+dp/hard/libc_nano.a(lib_a-malloc.o)
                              /opt/homebrew/Cellar/arm-none-eabi-gcc/9-2019-q4-major/gcc/bin/../lib/gcc/arm-none-eabi/9.2.1/../../../../arm-none-eabi/lib/thumb/v7e-m+dp/hard/libc_nano.a(lib_a-dtoa.o) (malloc)
/opt/homebrew/Cellar/arm-none-eabi-gcc/9-2019-q4-major/gcc/bin/../lib/gcc/arm-none-eabi/9.2.1/../../../../arm-none-eabi/lib/thumb/v7e-m+dp/hard/libc_nano.a(lib_a-memchr.o)
                              /opt/homebrew/Cellar/arm-none-eabi-gcc/9-2019-q4-major/gcc/bin/../lib/gcc/arm-none-eabi/9.2.1/../../../../arm-none-eabi/lib/thumb/v7e-m+dp/hard/libc_nano.a(lib_a-nano-vfprintf_i.o) (memchr)
/opt/homebrew/Cellar/arm-none-eabi-gcc/9-2019-q4-major/gcc/bin/../lib/gcc/arm-none-eabi/9.2.1/../../../../arm-none-eabi/lib/thumb/v7e-m+dp/hard/libc_nano.a(lib_a-mprec.o)
[...]
Memory Configuration

Name             Origin             Length             Attributes
RAM              0x0000000024000000 0x0000000000040000 xrw
FLASH            0x0000000008000000 0x0000000000100000 xr
DTCMRAM          0x0000000020000000 0x0000000000020000 xrw
RAM_D2           0x0000000030000000 0x0000000000048000 xrw
RAM_D3           0x0000000038000000 0x0000000000010000 xrw
ITCMRAM          0x0000000000000000 0x0000000000010000 xrw
*default*        0x0000000000000000 0xffffffffffffffff

Linker script and memory map

LOAD /opt/homebrew/Cellar/arm-none-eabi-gcc/9-2019-q4-major/gcc/bin/../lib/gcc/arm-none-eabi/9.2.1/thumb/v7e-m+dp/hard/crti.o
LOAD /opt/homebrew/Cellar/arm-none-eabi-gcc/9-2019-q4-major/gcc/bin/../lib/gcc/arm-none-eabi/9.2.1/thumb/v7e-m+dp/hard/crtbegin.o
LOAD /opt/homebrew/Cellar/arm-none-eabi-gcc/9-2019-q4-major/gcc/bin/../lib/gcc/arm-none-eabi/9.2.1/../../../../arm-none-eabi/lib/thumb/v7e-m+dp/hard/crt0.o
LOAD build/usbh_ioreq.o
LOAD build/usbh_pipes.o
LOAD build/usbh_core.o
LOAD build/usbh_ctlreq.o
LOAD build/usbh_cdc.o
LOAD build/usbh_msc_bot.o
LOAD build/usbh_msc_scsi.o
LOAD build/usbh_msc.o
LOAD build/usbh_hid_mouse.o
LOAD build/usbh_hid.o
LOAD build/usbh_hid_parser.o
LOAD build/usbh_hid_keybd.o
LOAD build/usbh_mtp_ptp.o
LOAD build/usbh_mtp.o
LOAD build/syscall.o
LOAD build/ff.o
LOAD build/ff_gen_drv.o
LOAD build/diskio.o
LOAD build/stm32h7xx_ll_comp.o
LOAD build/stm32h7xx_hal_qspi.o
LOAD build/stm32h7xx_hal_hash.o
LOAD build/stm32h7xx_hal_adc_ex.o
LOAD build/stm32h7xx_ll_rcc.o
LOAD build/stm32h7xx_hal_dcmi.o
LOAD build/stm32h7xx_hal_sd.o
LOAD build/stm32h7xx_hal_eth.o
LOAD build/stm32h7xx_hal_hcd.o
LOAD build/stm32h7xx_hal_hash_ex.o
LOAD build/stm32h7xx_hal_mdma.o
LOAD build/stm32h7xx_hal_rng.o
LOAD build/stm32h7xx_hal_ltdc.o
LOAD build/stm32h7xx_ll_crs.o
LOAD build/stm32h7xx_hal_cryp.o
LOAD build/stm32h7xx_hal_dsi.o
LOAD build/stm32h7xx_hal_swpmi.o
LOAD build/stm32h7xx_hal_mmc.o
LOAD build/stm32h7xx_hal_i2s.o
LOAD build/stm32h7xx_hal_irda.o
LOAD build/stm32h7xx_hal_gfxmmu.o
LOAD build/stm32h7xx_hal_flash.o
LOAD build/stm32h7xx_hal_flash_ex.o
LOAD build/stm32h7xx_ll_swpmi.o
LOAD build/stm32h7xx_ll_i2c.o
LOAD build/stm32h7xx_hal_crc.o
LOAD build/stm32h7xx_ll_gpio.o
LOAD build/stm32h7xx_hal_sd_ex.o
LOAD build/stm32h7xx_hal_gpio.o
LOAD build/stm32h7xx_hal_pwr.o
LOAD build/stm32h7xx_ll_fmc.o
LOAD build/stm32h7xx_hal_rtc_ex.o
LOAD build/stm32h7xx_hal_lptim.o
LOAD build/stm32h7xx_ll_lptim.o
LOAD build/stm32h7xx_hal_cec.o
LOAD build/stm32h7xx_hal_cryp_ex.o
LOAD build/stm32h7xx_hal_smbus.o
LOAD build/stm32h7xx_hal_i2s_ex.o
LOAD build/stm32h7xx_hal.o
LOAD build/stm32h7xx_ll_mdma.o
LOAD build/stm32h7xx_hal_jpeg.o
LOAD build/stm32h7xx_ll_rtc.o
LOAD build/stm32h7xx_ll_cordic.o
LOAD build/stm32h7xx_hal_dma.o
LOAD build/stm32h7xx_hal_sai.o
LOAD build/stm32h7xx_hal_cordic.o
LOAD build/stm32h7xx_hal_dac.o
LOAD build/stm32h7xx_hal_ramecc.o
LOAD build/stm32h7xx_hal_ospi.o
LOAD build/stm32h7xx_hal_spdifrx.o
LOAD build/stm32h7xx_hal_sai_ex.o
LOAD build/stm32h7xx_hal_dts.o
LOAD build/stm32h7xx_ll_tim.o
LOAD build/stm32h7xx_hal_sram.o
LOAD build/stm32h7xx_hal_fdcan.o
LOAD build/stm32h7xx_hal_comp.o
LOAD build/stm32h7xx_ll_spi.o
LOAD build/stm32h7xx_hal_adc.o
LOAD build/stm32h7xx_ll_usb.o
LOAD build/stm32h7xx_hal_rng_ex.o
LOAD build/stm32h7xx_ll_bdma.o
LOAD build/stm32h7xx_ll_exti.o
LOAD build/stm32h7xx_hal_mdios.o
LOAD build/stm32h7xx_ll_delayblock.o
LOAD build/stm32h7xx_ll_crc.o
LOAD build/stm32h7xx_hal_nor.o
LOAD build/stm32h7xx_hal_uart.o
LOAD build/stm32h7xx_hal_i2c.o
LOAD build/stm32h7xx_hal_iwdg.o
LOAD build/stm32h7xx_hal_crc_ex.o
LOAD build/stm32h7xx_hal_eth_ex.o
LOAD build/stm32h7xx_hal_dac_ex.o
LOAD build/stm32h7xx_hal_mmc_ex.o
LOAD build/stm32h7xx_ll_utils.o
LOAD build/stm32h7xx_ll_rng.o
LOAD build/stm32h7xx_hal_pwr_ex.o
LOAD build/stm32h7xx_ll_usart.o
LOAD build/stm32h7xx_ll_hrtim.o
LOAD build/stm32h7xx_hal_dma_ex.o
LOAD build/stm32h7xx_hal_cortex.o
LOAD build/stm32h7xx_hal_spi_ex.o
LOAD build/stm32h7xx_hal_fmac.o
LOAD build/stm32h7xx_hal_rcc.o
LOAD build/stm32h7xx_hal_rcc_ex.o
LOAD build/stm32h7xx_ll_lpuart.o
LOAD build/stm32h7xx_hal_hsem.o
LOAD build/stm32h7xx_hal_usart.o
LOAD build/stm32h7xx_hal_hrtim.o
LOAD build/stm32h7xx_ll_sdmmc.o
LOAD build/stm32h7xx_hal_ltdc_ex.o
LOAD build/stm32h7xx_hal_spi.o
LOAD build/stm32h7xx_ll_adc.o
LOAD build/stm32h7xx_hal_opamp_ex.o
LOAD build/stm32h7xx_hal_smartcard_ex.o
LOAD build/stm32h7xx_ll_dma2d.o
LOAD build/stm32h7xx_hal_smartcard.o
LOAD build/stm32h7xx_hal_tim.o
LOAD build/stm32h7xx_hal_dfsdm_ex.o
LOAD build/stm32h7xx_ll_dac.o
LOAD build/stm32h7xx_hal_uart_ex.o
LOAD build/stm32h7xx_hal_usart_ex.o
LOAD build/stm32h7xx_ll_fmac.o
LOAD build/stm32h7xx_hal_dma2d.o
LOAD build/stm32h7xx_ll_dma.o
LOAD build/stm32h7xx_hal_rtc.o
LOAD build/stm32h7xx_hal_otfdec.o
LOAD build/stm32h7xx_hal_pssi.o
LOAD build/stm32h7xx_hal_nand.o
LOAD build/stm32h7xx_ll_opamp.o
LOAD build/stm32h7xx_hal_tim_ex.o
LOAD build/stm32h7xx_hal_pcd_ex.o
LOAD build/stm32h7xx_hal_dfsdm.o
LOAD build/stm32h7xx_hal_sdram.o
LOAD build/stm32h7xx_hal_i2c_ex.o
LOAD build/stm32h7xx_hal_pcd.o
LOAD build/stm32h7xx_ll_pwr.o
LOAD build/stm32h7xx_hal_exti.o
LOAD build/stm32h7xx_hal_opamp.o
LOAD build/stm32h7xx_hal_wwdg.o
LOAD build/list.o
LOAD build/stream_buffer.o
LOAD build/port.o
LOAD build/heap_4.o
LOAD build/queue.o
LOAD build/cmsis_os2.o
LOAD build/timers.o
LOAD build/tasks.o
LOAD build/event_groups.o
LOAD build/croutine.o
LOAD build/arm_pool_q7_HWC.o
LOAD build/arm_q7_to_q15_reordered_no_shift.o
LOAD build/arm_nn_mult_q7.o
LOAD build/arm_nntables.o
LOAD build/arm_q7_to_q15_no_shift.o
LOAD build/arm_nn_mult_q15.o
LOAD build/arm_fully_connected_q15.o
LOAD build/arm_fully_connected_q7.o
LOAD build/arm_fully_connected_mat_q7_vec_q15.o
LOAD build/arm_fully_connected_q15_opt.o
LOAD build/arm_fully_connected_q7_opt.o
LOAD build/arm_fully_connected_mat_q7_vec_q15_opt.o
LOAD build/arm_softmax_q15.o
LOAD build/arm_softmax_q7.o
LOAD build/arm_relu_q15.o
LOAD build/arm_nn_activations_q7.o
LOAD build/arm_nn_activations_q15.o
LOAD build/arm_relu_q7.o
LOAD build/arm_convolve_HWC_q15_basic.o
LOAD build/arm_nn_mat_mult_kernel_q7_q15.o
LOAD build/arm_convolve_HWC_q7_basic.o
LOAD build/arm_depthwise_separable_conv_HWC_q7_nonsquare.o
LOAD build/arm_convolve_HWC_q7_basic_nonsquare.o
LOAD build/arm_convolve_HWC_q7_fast.o
LOAD build/arm_convolve_HWC_q7_fast_nonsquare.o
LOAD build/arm_convolve_HWC_q7_RGB.o
LOAD build/arm_convolve_1x1_HWC_q7_fast_nonsquare.o
LOAD build/arm_depthwise_conv_u8_basic_ver1.o
LOAD build/arm_convolve_HWC_q15_fast_nonsquare.o
LOAD build/arm_depthwise_separable_conv_HWC_q7.o
LOAD build/arm_convolve_HWC_q15_fast.o
LOAD build/arm_nn_mat_mult_kernel_q7_q15_reordered.o
LOAD build/arm_mat_sub_q31.o
LOAD build/arm_mat_add_f32.o
LOAD build/arm_mat_mult_q15.o
LOAD build/arm_mat_mult_fast_q31.o
LOAD build/arm_mat_init_f32.o
LOAD build/arm_mat_scale_f32.o
LOAD build/arm_mat_trans_f32.o
LOAD build/arm_mat_add_q31.o
LOAD build/arm_mat_sub_f32.o
LOAD build/arm_mat_inverse_f32.o
LOAD build/arm_mat_cmplx_mult_q15.o
LOAD build/arm_mat_init_q31.o
LOAD build/arm_mat_trans_q31.o
LOAD build/arm_mat_scale_q31.o
LOAD build/arm_mat_mult_f32.o
LOAD build/arm_mat_add_q15.o
LOAD build/arm_mat_cmplx_mult_q31.o
LOAD build/arm_mat_init_q15.o
LOAD build/arm_mat_scale_q15.o
LOAD build/arm_mat_trans_q15.o
LOAD build/arm_mat_mult_q31.o
LOAD build/arm_mat_sub_q15.o
LOAD build/arm_mat_mult_fast_q15.o
LOAD build/arm_mat_cmplx_mult_f32.o
LOAD build/arm_mat_inverse_f64.o
LOAD build/arm_cfft_radix2_f32.o
LOAD build/arm_dct4_init_f32.o
LOAD build/arm_dct4_q15.o
LOAD build/arm_rfft_init_q31.o
LOAD build/arm_rfft_q15.o
LOAD build/arm_rfft_fast_f32.o
LOAD build/arm_rfft_fast_init_f32.o
LOAD build/arm_bitreversal2.o
LOAD build/arm_cfft_radix4_f32.o
LOAD build/arm_cfft_radix4_init_q15.o
LOAD build/arm_cfft_q31.o
LOAD build/arm_cfft_radix2_init_q31.o
LOAD build/arm_dct4_init_q31.o
LOAD build/arm_cfft_radix2_q31.o
LOAD build/arm_bitreversal.o
LOAD build/arm_rfft_init_f32.o
LOAD build/arm_cfft_f32.o
LOAD build/arm_cfft_radix4_q31.o
LOAD build/arm_cfft_radix2_init_f32.o
LOAD build/arm_cfft_radix2_q15.o
LOAD build/arm_dct4_init_q15.o
LOAD build/arm_dct4_f32.o
LOAD build/arm_rfft_f32.o
LOAD build/arm_cfft_radix4_init_f32.o
LOAD build/arm_cfft_radix4_q15.o
LOAD build/arm_rfft_q31.o
LOAD build/arm_rfft_init_q15.o
LOAD build/arm_dct4_q31.o
LOAD build/arm_cfft_radix8_f32.o
LOAD build/arm_cfft_q15.o
LOAD build/arm_cfft_radix4_init_q31.o
LOAD build/arm_cfft_radix2_init_q15.o
LOAD build/arm_const_structs.o
LOAD build/arm_common_tables.o
LOAD build/arm_conv_f32.o
LOAD build/arm_fir_init_f32.o
LOAD build/arm_correlate_opt_q15.o
LOAD build/arm_biquad_cascade_df2T_f32.o
LOAD build/arm_fir_interpolate_init_f32.o
LOAD build/arm_fir_fast_q31.o
LOAD build/arm_conv_fast_q31.o
LOAD build/arm_lms_q15.o
LOAD build/arm_fir_sparse_q7.o
LOAD build/arm_fir_decimate_fast_q15.o
LOAD build/arm_biquad_cascade_df1_32x64_init_q31.o
LOAD build/arm_lms_init_q31.o
LOAD build/arm_conv_partial_fast_q15.o
LOAD build/arm_fir_sparse_init_q7.o
LOAD build/arm_iir_lattice_init_f32.o
LOAD build/arm_conv_partial_f32.o
LOAD build/arm_fir_lattice_init_f32.o
LOAD build/arm_fir_sparse_init_f32.o
LOAD build/arm_fir_decimate_q15.o
LOAD build/arm_fir_interpolate_f32.o
LOAD build/arm_biquad_cascade_df1_fast_q15.o
LOAD build/arm_lms_norm_q15.o
LOAD build/arm_fir_interpolate_init_q31.o
LOAD build/arm_fir_init_q7.o
LOAD build/arm_conv_q31.o
LOAD build/arm_fir_init_q31.o
LOAD build/arm_lms_init_f32.o
LOAD build/arm_correlate_fast_q15.o
LOAD build/arm_biquad_cascade_stereo_df2T_init_f32.o
LOAD build/arm_correlate_fast_opt_q15.o
LOAD build/arm_fir_decimate_init_q15.o
LOAD build/arm_biquad_cascade_df1_q15.o
LOAD build/arm_iir_lattice_init_q31.o
LOAD build/arm_fir_q7.o
LOAD build/arm_conv_partial_q31.o
LOAD build/arm_fir_lattice_q15.o
LOAD build/arm_fir_q15.o
LOAD build/arm_conv_opt_q15.o
LOAD build/arm_fir_interpolate_q31.o
LOAD build/arm_biquad_cascade_df2T_init_f32.o
LOAD build/arm_iir_lattice_q15.o
LOAD build/arm_fir_lattice_init_q31.o
LOAD build/arm_fir_sparse_init_q31.o
LOAD build/arm_correlate_q15.o
LOAD build/arm_fir_sparse_q15.o
LOAD build/arm_biquad_cascade_df1_init_q15.o
LOAD build/arm_lms_norm_init_q15.o
LOAD build/arm_fir_init_q15.o
LOAD build/arm_conv_q15.o
LOAD build/arm_correlate_opt_q7.o
LOAD build/arm_fir_interpolate_init_q15.o
LOAD build/arm_lms_f32.o
LOAD build/arm_fir_decimate_init_q31.o
LOAD build/arm_conv_partial_fast_opt_q15.o
LOAD build/arm_correlate_fast_q31.o
LOAD build/arm_fir_q31.o
LOAD build/arm_fir_lattice_q31.o
LOAD build/arm_biquad_cascade_stereo_df2T_f32.o
LOAD build/arm_iir_lattice_init_q15.o
LOAD build/arm_conv_partial_q15.o
LOAD build/arm_biquad_cascade_df1_q31.o
LOAD build/arm_fir_sparse_q31.o
LOAD build/arm_biquad_cascade_df1_init_q31.o
LOAD build/arm_lms_norm_init_q31.o
LOAD build/arm_fir_decimate_f32.o
LOAD build/arm_fir_sparse_init_q15.o
LOAD build/arm_fir_lattice_init_q15.o
LOAD build/arm_correlate_q31.o
LOAD build/arm_conv_q7.o
LOAD build/arm_iir_lattice_q31.o
LOAD build/arm_biquad_cascade_df2T_f64.o
LOAD build/arm_lms_norm_f32.o
LOAD build/arm_fir_interpolate_q15.o
LOAD build/arm_conv_partial_opt_q15.o
LOAD build/arm_correlate_q7.o
LOAD build/arm_fir_fast_q15.o
LOAD build/arm_biquad_cascade_df2T_init_f64.o
LOAD build/arm_conv_fast_opt_q15.o
LOAD build/arm_biquad_cascade_df1_32x64_q31.o
LOAD build/arm_lms_init_q15.o
LOAD build/arm_fir_decimate_fast_q31.o
LOAD build/arm_lms_q31.o
LOAD build/arm_conv_fast_q15.o
LOAD build/arm_fir_decimate_init_f32.o
LOAD build/arm_conv_opt_q7.o
LOAD build/arm_biquad_cascade_df1_f32.o
LOAD build/arm_fir_lattice_f32.o
LOAD build/arm_fir_f32.o
LOAD build/arm_conv_partial_fast_q31.o
LOAD build/arm_conv_partial_q7.o
LOAD build/arm_lms_norm_q31.o
LOAD build/arm_iir_lattice_f32.o
LOAD build/arm_biquad_cascade_df1_fast_q31.o
LOAD build/arm_fir_sparse_f32.o
LOAD build/arm_fir_decimate_q31.o
LOAD build/arm_lms_norm_init_f32.o
LOAD build/arm_biquad_cascade_df1_init_f32.o
LOAD build/arm_correlate_f32.o
LOAD build/arm_conv_partial_opt_q7.o
LOAD build/arm_power_q7.o
LOAD build/arm_min_q7.o
LOAD build/arm_max_q7.o
LOAD build/arm_max_f32.o
LOAD build/arm_mean_q31.o
LOAD build/arm_var_q31.o
LOAD build/arm_std_q15.o
LOAD build/arm_power_q15.o
LOAD build/arm_max_q31.o
LOAD build/arm_rms_q15.o
LOAD build/arm_mean_f32.o
LOAD build/arm_min_q15.o
LOAD build/arm_var_f32.o
LOAD build/arm_power_q31.o
LOAD build/arm_min_q31.o
LOAD build/arm_rms_q31.o
LOAD build/arm_max_q15.o
LOAD build/arm_std_f32.o
LOAD build/arm_power_f32.o
LOAD build/arm_mean_q15.o
LOAD build/arm_rms_f32.o
LOAD build/arm_min_f32.o
LOAD build/arm_std_q31.o
LOAD build/arm_mean_q7.o
LOAD build/arm_var_q15.o
LOAD build/arm_sub_f32.o
LOAD build/arm_add_q31.o
LOAD build/arm_shift_q15.o
LOAD build/arm_abs_q7.o
LOAD build/arm_mult_q31.o
LOAD build/arm_negate_q15.o
LOAD build/arm_sub_q7.o
LOAD build/arm_scale_q7.o
LOAD build/arm_offset_q31.o
LOAD build/arm_scale_f32.o
LOAD build/arm_add_f32.o
LOAD build/arm_offset_q7.o
LOAD build/arm_sub_q31.o
LOAD build/arm_mult_f32.o
LOAD build/arm_abs_q15.o
LOAD build/arm_shift_q7.o
LOAD build/arm_dot_prod_q15.o
LOAD build/arm_offset_f32.o
LOAD build/arm_scale_q31.o
LOAD build/arm_dot_prod_q7.o
LOAD build/arm_sub_q15.o
LOAD build/arm_negate_q7.o
LOAD build/arm_dot_prod_q31.o
LOAD build/arm_negate_f32.o
LOAD build/arm_abs_q31.o
LOAD build/arm_scale_q15.o
LOAD build/arm_shift_q31.o
LOAD build/arm_add_q15.o
LOAD build/arm_mult_q15.o
LOAD build/arm_mult_q7.o
LOAD build/arm_abs_f32.o
LOAD build/arm_dot_prod_f32.o
LOAD build/arm_negate_q31.o
LOAD build/arm_add_q7.o
LOAD build/arm_offset_q15.o
LOAD build/arm_q31_to_q15.o
LOAD build/arm_fill_f32.o
LOAD build/arm_float_to_q31.o
LOAD build/arm_copy_q7.o
LOAD build/arm_fill_q31.o
LOAD build/arm_q7_to_q15.o
LOAD build/arm_copy_q15.o
LOAD build/arm_q15_to_q31.o
LOAD build/arm_q31_to_q7.o
LOAD build/arm_fill_q15.o
LOAD build/arm_q31_to_float.o
LOAD build/arm_float_to_q7.o
LOAD build/arm_copy_q31.o
LOAD build/arm_q7_to_q31.o
LOAD build/arm_q15_to_float.o
LOAD build/arm_copy_f32.o
LOAD build/arm_q15_to_q7.o
LOAD build/arm_fill_q7.o
LOAD build/arm_float_to_q15.o
LOAD build/arm_q7_to_float.o
LOAD build/arm_pid_init_q15.o
LOAD build/arm_sin_cos_q31.o
LOAD build/arm_sin_cos_f32.o
LOAD build/arm_pid_reset_q15.o
LOAD build/arm_pid_init_f32.o
LOAD build/arm_pid_reset_q31.o
LOAD build/arm_pid_init_q31.o
LOAD build/arm_pid_reset_f32.o
LOAD build/arm_sin_q15.o
LOAD build/arm_cos_f32.o
LOAD build/arm_cos_q31.o
LOAD build/arm_sqrt_q15.o
LOAD build/arm_cos_q15.o
LOAD build/arm_sin_f32.o
LOAD build/arm_sqrt_q31.o
LOAD build/arm_sin_q31.o
LOAD build/arm_cmplx_mag_q31.o
LOAD build/arm_cmplx_mag_squared_f32.o
LOAD build/arm_cmplx_mult_cmplx_f32.o
LOAD build/arm_cmplx_dot_prod_q15.o
LOAD build/arm_cmplx_mult_real_q31.o
LOAD build/arm_cmplx_conj_q15.o
LOAD build/arm_cmplx_mag_squared_q31.o
LOAD build/arm_cmplx_mag_f32.o
LOAD build/arm_cmplx_mult_real_f32.o
LOAD build/arm_cmplx_mult_cmplx_q31.o
LOAD build/arm_cmplx_mag_squared_q15.o
LOAD build/arm_cmplx_mult_cmplx_q15.o
LOAD build/arm_cmplx_dot_prod_f32.o
LOAD build/arm_cmplx_conj_f32.o
LOAD build/arm_cmplx_mag_q15.o
LOAD build/arm_cmplx_mult_real_q15.o
LOAD build/arm_cmplx_dot_prod_q31.o
LOAD build/arm_cmplx_conj_q31.o
LOAD build/user_diskio.o
LOAD build/stm32h7xx_hal_msp.o
LOAD build/stm32h7xx_hal_timebase_tim.o
LOAD build/system_stm32h7xx.o
LOAD build/freertos.o
LOAD build/main.o
LOAD build/fatfs.o
LOAD build/stm32h7xx_it.o
LOAD build/app_touchgfx.o
LOAD build/ltdc_dsi.o
LOAD build/system.o
LOAD build/lcd.o
LOAD build/startup_stm32h747xihx.o
LOAD /opt/homebrew/Cellar/arm-none-eabi-gcc/9-2019-q4-major/gcc/bin/../lib/gcc/arm-none-eabi/9.2.1/../../../../arm-none-eabi/lib/thumb/v7e-m+dp/hard/libc_nano.a
LOAD /opt/homebrew/Cellar/arm-none-eabi-gcc/9-2019-q4-major/gcc/bin/../lib/gcc/arm-none-eabi/9.2.1/../../../../arm-none-eabi/lib/thumb/v7e-m+dp/hard/libm.a
LOAD /opt/homebrew/Cellar/arm-none-eabi-gcc/9-2019-q4-major/gcc/bin/../lib/gcc/arm-none-eabi/9.2.1/../../../../arm-none-eabi/lib/thumb/v7e-m+dp/hard/libnosys.a
LOAD .//Libraries/touchgfx/lib/core/cortex_m4f/IAR8.x/touchgfx_core_release.a
LOAD .//Libraries/touchgfx/lib/core/cortex_m4f/IAR8.x/touchgfx_core.a
LOAD .//Libraries/touchgfx/lib/core/cortex_m4f/gcc/libtouchgfx-float-abi-hard.a
LOAD .//Libraries/touchgfx/lib/core/cortex_m4f/gcc/libtouchgfx.a
LOAD .//Libraries/touchgfx/lib/core/cortex_m0/IAR8.x/touchgfx_core_release.a
LOAD .//Libraries/touchgfx/lib/core/cortex_m0/IAR8.x/touchgfx_core.a
LOAD .//Libraries/touchgfx/lib/core/cortex_m7/IAR/touchgfx_core_release.a
LOAD .//Libraries/touchgfx/lib/core/cortex_m7/IAR/touchgfx_core.a
LOAD .//Libraries/touchgfx/lib/core/cortex_m7/IAR8.x/touchgfx_core_release.a
LOAD .//Libraries/touchgfx/lib/core/cortex_m7/IAR8.x/touchgfx_core.a
LOAD .//Libraries/touchgfx/lib/core/cortex_m7/gcc/libtouchgfx-float-abi-hard.a
LOAD .//Libraries/touchgfx/lib/core/cortex_m7/gcc/libtouchgfx.a
LOAD .//Libraries/touchgfx/lib/win/mingw32/libtouchgfx.a
LOAD .//Libraries/touchgfx/lib/linux/libtouchgfx.a
LOAD .//Libraries/touchgfx/lib/sdl2/win32/libSDL2.a
LOAD .//Libraries/touchgfx/lib/sdl2/win32/libSDL2_image.a
LOAD .//Libraries/touchgfx/lib/sdl2/linux64/libSDL2.a
LOAD .//Libraries/touchgfx/lib/sdl2/linux64/libSDL2_image.a
LOAD .//Libraries/CMSIS/DSP/Lib/GCC/libarm_cortexM7lfdp_math.a
START GROUP
LOAD /opt/homebrew/Cellar/arm-none-eabi-gcc/9-2019-q4-major/gcc/bin/../lib/gcc/arm-none-eabi/9.2.1/thumb/v7e-m+dp/hard/libgcc.a
LOAD /opt/homebrew/Cellar/arm-none-eabi-gcc/9-2019-q4-major/gcc/bin/../lib/gcc/arm-none-eabi/9.2.1/../../../../arm-none-eabi/lib/thumb/v7e-m+dp/hard/libc_nano.a
END GROUP
START GROUP
LOAD /opt/homebrew/Cellar/arm-none-eabi-gcc/9-2019-q4-major/gcc/bin/../lib/gcc/arm-none-eabi/9.2.1/thumb/v7e-m+dp/hard/libgcc.a
LOAD /opt/homebrew/Cellar/arm-none-eabi-gcc/9-2019-q4-major/gcc/bin/../lib/gcc/arm-none-eabi/9.2.1/../../../../arm-none-eabi/lib/thumb/v7e-m+dp/hard/libc_nano.a
END GROUP
LOAD /opt/homebrew/Cellar/arm-none-eabi-gcc/9-2019-q4-major/gcc/bin/../lib/gcc/arm-none-eabi/9.2.1/thumb/v7e-m+dp/hard/crtend.o
LOAD /opt/homebrew/Cellar/arm-none-eabi-gcc/9-2019-q4-major/gcc/bin/../lib/gcc/arm-none-eabi/9.2.1/thumb/v7e-m+dp/hard/crtn.o
                0x0000000024040000                _estack = (ORIGIN (RAM) + LENGTH (RAM))
                0x0000000000000200                _Min_Heap_Size = 0x200
                0x0000000000000400                _Min_Stack_Size = 0x400

.isr_vector     0x0000000008000000      0x298
                0x0000000008000000                . = ALIGN (0x4)
 *(.isr_vector)
 .isr_vector    0x0000000008000000      0x298 build/startup_stm32h747xihx.o
                0x0000000008000000                g_pfnVectors
                0x0000000008000298                . = ALIGN (0x4)

.text           0x00000000080002a0     0x8934
                0x00000000080002a0                . = ALIGN (0x4)
 *(.text)
 .text          0x00000000080002a0       0x40 /opt/homebrew/Cellar/arm-none-eabi-gcc/9-2019-q4-major/gcc/bin/../lib/gcc/arm-none-eabi/9.2.1/thumb/v7e-m+dp/hard/crtbegin.o
 .text          0x00000000080002e0       0x10 /opt/homebrew/Cellar/arm-none-eabi-gcc/9-2019-q4-major/gcc/bin/../lib/gcc/arm-none-eabi/9.2.1/../../../../arm-none-eabi/lib/thumb/v7e-m+dp/hard/libc_nano.a(lib_a-strlen.o)
                0x00000000080002e0                strlen
 .text          0x00000000080002f0       0x30 /opt/homebrew/Cellar/arm-none-eabi-gcc/9-2019-q4-major/gcc/bin/../lib/gcc/arm-none-eabi/9.2.1/thumb/v7e-m+dp/hard/libgcc.a(_aeabi_uldivmod.o)
                0x00000000080002f0                __aeabi_uldivmod
 .text          0x0000000008000320      0x2c4 /opt/homebrew/Cellar/arm-none-eabi-gcc/9-2019-q4-major/gcc/bin/../lib/gcc/arm-none-eabi/9.2.1/thumb/v7e-m+dp/hard/libgcc.a(_udivmoddi4.o)
                0x0000000008000320                __udivmoddi4
 .text          0x00000000080005e4        0x4 /opt/homebrew/Cellar/arm-none-eabi-gcc/9-2019-q4-major/gcc/bin/../lib/gcc/arm-none-eabi/9.2.1/thumb/v7e-m+dp/hard/libgcc.a(_dvmd_tls.o)
                0x00000000080005e4                __aeabi_ldiv0
                0x00000000080005e4                __aeabi_idiv0
 *(.text*)
 .text.FATFS_LinkDriver
                0x00000000080005e8       0x48 build/ff_gen_drv.o
                0x00000000080005e8                FATFS_LinkDriver
 .text.LTDC_SetConfig
                0x0000000008000630      0x130 build/stm32h7xx_hal_ltdc.o
 .text.HAL_LTDC_Init
                0x0000000008000760       0xe8 build/stm32h7xx_hal_ltdc.o
                0x0000000008000760                HAL_LTDC_Init
 .text.HAL_LTDC_ConfigLayer
                0x0000000008000848       0x60 build/stm32h7xx_hal_ltdc.o
                0x0000000008000848                HAL_LTDC_ConfigLayer
 .text.HAL_DSI_ConfigErrorMonitor
                0x00000000080008a8      0x164 build/stm32h7xx_hal_dsi.o
                0x00000000080008a8                HAL_DSI_ConfigErrorMonitor
 .text.HAL_DSI_Init
                0x0000000008000a0c      0x178 build/stm32h7xx_hal_dsi.o
                0x0000000008000a0c                HAL_DSI_Init
 .text.HAL_DSI_SetGenericVCID
                0x0000000008000b84       0x28 build/stm32h7xx_hal_dsi.o
                0x0000000008000b84                HAL_DSI_SetGenericVCID
 .text.HAL_DSI_ConfigAdaptedCommandMode
                0x0000000008000bac       0xf8 build/stm32h7xx_hal_dsi.o
                0x0000000008000bac                HAL_DSI_ConfigAdaptedCommandMode
 .text.HAL_DSI_ConfigCommand
                0x0000000008000ca4       0x6c build/stm32h7xx_hal_dsi.o
                0x0000000008000ca4                HAL_DSI_ConfigCommand
 .text.HAL_DSI_ConfigFlowControl
                0x0000000008000d10       0x28 build/stm32h7xx_hal_dsi.o
                0x0000000008000d10                HAL_DSI_ConfigFlowControl
 .text.HAL_DSI_ConfigPhyTimer
                0x0000000008000d38       0x7c build/stm32h7xx_hal_dsi.o
                0x0000000008000d38                HAL_DSI_ConfigPhyTimer
 .text.HAL_DSI_ConfigHostTimeouts
                0x0000000008000db4       0xe0 build/stm32h7xx_hal_dsi.o
                0x0000000008000db4                HAL_DSI_ConfigHostTimeouts
 .text.HAL_DSI_SetLowPowerRXFilter
                0x0000000008000e94       0x34 build/stm32h7xx_hal_dsi.o
                0x0000000008000e94                HAL_DSI_SetLowPowerRXFilter
 .text.HAL_CRC_Init
                0x0000000008000ec8       0x7c build/stm32h7xx_hal_crc.o
                0x0000000008000ec8                HAL_CRC_Init
 .text.HAL_GPIO_Init
                0x0000000008000f44      0x23c build/stm32h7xx_hal_gpio.o
                0x0000000008000f44                HAL_GPIO_Init
 .text.HAL_Init
                0x0000000008001180       0x60 build/stm32h7xx_hal.o
                0x0000000008001180                HAL_Init
 .text.HAL_IncTick
                0x00000000080011e0       0x18 build/stm32h7xx_hal.o
                0x00000000080011e0                HAL_IncTick
 .text.HAL_GetTick
                0x00000000080011f8        0xc build/stm32h7xx_hal.o
                0x00000000080011f8                HAL_GetTick
 .text.HAL_GetREVID
                0x0000000008001204        0xc build/stm32h7xx_hal.o
                0x0000000008001204                HAL_GetREVID
 .text.DMA_CalcBaseAndBitshift
                0x0000000008001210       0xf8 build/stm32h7xx_hal_dma.o
 .text.DMA_CalcDMAMUXChannelBaseAndMask
                0x0000000008001308       0xd8 build/stm32h7xx_hal_dma.o
 .text.DMA_CalcDMAMUXRequestGenBaseAndMask
                0x00000000080013e0       0xa0 build/stm32h7xx_hal_dma.o
 .text.HAL_DMA_Init
                0x0000000008001480      0x474 build/stm32h7xx_hal_dma.o
                0x0000000008001480                HAL_DMA_Init
 .text.HAL_DMA_IRQHandler
                0x00000000080018f4      0x6bc build/stm32h7xx_hal_dma.o
                0x00000000080018f4                HAL_DMA_IRQHandler
 .text.UART_SetConfig
                0x0000000008001fb0      0x554 build/stm32h7xx_hal_uart.o
                0x0000000008001fb0                UART_SetConfig
 .text.UART_AdvFeatureConfig
                0x0000000008002504       0xb0 build/stm32h7xx_hal_uart.o
                0x0000000008002504                UART_AdvFeatureConfig
 .text.UART_WaitOnFlagUntilTimeout
                0x00000000080025b4       0xb0 build/stm32h7xx_hal_uart.o
                0x00000000080025b4                UART_WaitOnFlagUntilTimeout
 .text.UART_CheckIdleState
                0x0000000008002664       0x74 build/stm32h7xx_hal_uart.o
                0x0000000008002664                UART_CheckIdleState
 .text.HAL_UART_Init
                0x00000000080026d8       0x68 build/stm32h7xx_hal_uart.o
                0x00000000080026d8                HAL_UART_Init
 .text.HAL_I2C_Init
                0x0000000008002740       0xa8 build/stm32h7xx_hal_i2c.o
                0x0000000008002740                HAL_I2C_Init
 .text.HAL_CRCEx_Polynomial_Set
                0x00000000080027e8       0x64 build/stm32h7xx_hal_crc_ex.o
                0x00000000080027e8                HAL_CRCEx_Polynomial_Set
 .text.HAL_PWREx_ConfigSupply
                0x000000000800284c       0x78 build/stm32h7xx_hal_pwr_ex.o
                0x000000000800284c                HAL_PWREx_ConfigSupply
 .text.HAL_NVIC_SetPriorityGrouping
                0x00000000080028c4       0x28 build/stm32h7xx_hal_cortex.o
                0x00000000080028c4                HAL_NVIC_SetPriorityGrouping
 .text.HAL_NVIC_SetPriority
                0x00000000080028ec       0x74 build/stm32h7xx_hal_cortex.o
                0x00000000080028ec                HAL_NVIC_SetPriority
 .text.HAL_NVIC_EnableIRQ
                0x0000000008002960       0x1c build/stm32h7xx_hal_cortex.o
                0x0000000008002960                HAL_NVIC_EnableIRQ
 .text.HAL_RCC_OscConfig
                0x000000000800297c      0x5ec build/stm32h7xx_hal_rcc.o
                0x000000000800297c                HAL_RCC_OscConfig
 .text.HAL_RCC_MCOConfig
                0x0000000008002f68       0xa4 build/stm32h7xx_hal_rcc.o
                0x0000000008002f68                HAL_RCC_MCOConfig
 .text.HAL_RCC_GetSysClockFreq
                0x000000000800300c      0x140 build/stm32h7xx_hal_rcc.o
                0x000000000800300c                HAL_RCC_GetSysClockFreq
 .text.HAL_RCC_ClockConfig
                0x000000000800314c      0x254 build/stm32h7xx_hal_rcc.o
                0x000000000800314c                HAL_RCC_ClockConfig
 .text.HAL_RCC_GetHCLKFreq
                0x00000000080033a0       0x44 build/stm32h7xx_hal_rcc.o
                0x00000000080033a0                HAL_RCC_GetHCLKFreq
 .text.HAL_RCC_GetPCLK1Freq
                0x00000000080033e4       0x24 build/stm32h7xx_hal_rcc.o
                0x00000000080033e4                HAL_RCC_GetPCLK1Freq
 .text.HAL_RCC_GetPCLK2Freq
                0x0000000008003408       0x24 build/stm32h7xx_hal_rcc.o
                0x0000000008003408                HAL_RCC_GetPCLK2Freq
 .text.HAL_RCC_GetClockConfig
                0x000000000800342c       0x58 build/stm32h7xx_hal_rcc.o
                0x000000000800342c                HAL_RCC_GetClockConfig
 .text.RCCEx_PLL2_Config
                0x0000000008003484       0xf8 build/stm32h7xx_hal_rcc_ex.o
 .text.RCCEx_PLL3_Config
                0x000000000800357c       0xf8 build/stm32h7xx_hal_rcc_ex.o
 .text.HAL_RCCEx_PeriphCLKConfig
                0x0000000008003674      0xb70 build/stm32h7xx_hal_rcc_ex.o
                0x0000000008003674                HAL_RCCEx_PeriphCLKConfig
 .text.HAL_RCCEx_GetD3PCLK1Freq
                0x00000000080041e4       0x24 build/stm32h7xx_hal_rcc_ex.o
                0x00000000080041e4                HAL_RCCEx_GetD3PCLK1Freq
 .text.HAL_RCCEx_GetPLL2ClockFreq
                0x0000000008004208      0x17c build/stm32h7xx_hal_rcc_ex.o
                0x0000000008004208                HAL_RCCEx_GetPLL2ClockFreq
 .text.HAL_RCCEx_GetPLL3ClockFreq
                0x0000000008004384      0x17c build/stm32h7xx_hal_rcc_ex.o
                0x0000000008004384                HAL_RCCEx_GetPLL3ClockFreq
 .text.HAL_HSEM_FastTake
                0x0000000008004500       0x1c build/stm32h7xx_hal_hsem.o
                0x0000000008004500                HAL_HSEM_FastTake
 .text.HAL_HSEM_Release
                0x000000000800451c       0x10 build/stm32h7xx_hal_hsem.o
                0x000000000800451c                HAL_HSEM_Release
 .text.HAL_TIM_Base_MspInit
                0x000000000800452c        0x4 build/stm32h7xx_hal_tim.o
                0x000000000800452c                HAL_TIM_Base_MspInit
 .text.HAL_TIM_Base_Start_IT
                0x0000000008004530       0xac build/stm32h7xx_hal_tim.o
                0x0000000008004530                HAL_TIM_Base_Start_IT
 .text.HAL_TIM_OC_DelayElapsedCallback
                0x00000000080045dc        0x4 build/stm32h7xx_hal_tim.o
                0x00000000080045dc                HAL_TIM_OC_DelayElapsedCallback
 .text.HAL_TIM_IC_CaptureCallback
                0x00000000080045e0        0x4 build/stm32h7xx_hal_tim.o
                0x00000000080045e0                HAL_TIM_IC_CaptureCallback
 .text.HAL_TIM_PWM_PulseFinishedCallback
                0x00000000080045e4        0x4 build/stm32h7xx_hal_tim.o
                0x00000000080045e4                HAL_TIM_PWM_PulseFinishedCallback
 .text.HAL_TIM_TriggerCallback
                0x00000000080045e8        0x4 build/stm32h7xx_hal_tim.o
                0x00000000080045e8                HAL_TIM_TriggerCallback
 .text.HAL_TIM_IRQHandler
                0x00000000080045ec      0x170 build/stm32h7xx_hal_tim.o
                0x00000000080045ec                HAL_TIM_IRQHandler
 .text.TIM_Base_SetConfig
                0x000000000800475c      0x108 build/stm32h7xx_hal_tim.o
                0x000000000800475c                TIM_Base_SetConfig
 .text.HAL_TIM_Base_Init
                0x0000000008004864       0x64 build/stm32h7xx_hal_tim.o
                0x0000000008004864                HAL_TIM_Base_Init
 .text.UARTEx_SetNbDataToProcess.part.0
                0x00000000080048c8       0x3c build/stm32h7xx_hal_uart_ex.o
 .text.HAL_UARTEx_DisableFifoMode
                0x0000000008004904       0x3c build/stm32h7xx_hal_uart_ex.o
                0x0000000008004904                HAL_UARTEx_DisableFifoMode
 .text.HAL_UARTEx_SetTxFifoThreshold
                0x0000000008004940       0x58 build/stm32h7xx_hal_uart_ex.o
                0x0000000008004940                HAL_UARTEx_SetTxFifoThreshold
 .text.HAL_UARTEx_SetRxFifoThreshold
                0x0000000008004998       0x58 build/stm32h7xx_hal_uart_ex.o
                0x0000000008004998                HAL_UARTEx_SetRxFifoThreshold
 .text.HAL_TIMEx_CommutCallback
                0x00000000080049f0        0x4 build/stm32h7xx_hal_tim_ex.o
                0x00000000080049f0                HAL_TIMEx_CommutCallback
 .text.HAL_TIMEx_BreakCallback
                0x00000000080049f4        0x4 build/stm32h7xx_hal_tim_ex.o
                0x00000000080049f4                HAL_TIMEx_BreakCallback
 .text.HAL_TIMEx_Break2Callback
                0x00000000080049f8        0x4 build/stm32h7xx_hal_tim_ex.o
                0x00000000080049f8                HAL_TIMEx_Break2Callback
 .text.HAL_I2CEx_ConfigAnalogFilter
                0x00000000080049fc       0x58 build/stm32h7xx_hal_i2c_ex.o
                0x00000000080049fc                HAL_I2CEx_ConfigAnalogFilter
 .text.HAL_I2CEx_ConfigDigitalFilter
                0x0000000008004a54       0x54 build/stm32h7xx_hal_i2c_ex.o
                0x0000000008004a54                HAL_I2CEx_ConfigDigitalFilter
 .text.vListInitialise
                0x0000000008004aa8       0x18 build/list.o
                0x0000000008004aa8                vListInitialise
 .text.vListInitialiseItem
                0x0000000008004ac0        0x8 build/list.o
                0x0000000008004ac0                vListInitialiseItem
 .text.vListInsertEnd
                0x0000000008004ac8       0x20 build/list.o
                0x0000000008004ac8                vListInsertEnd
 .text.vListInsert
                0x0000000008004ae8       0x30 build/list.o
                0x0000000008004ae8                vListInsert
 .text.uxListRemove
                0x0000000008004b18       0x28 build/list.o
                0x0000000008004b18                uxListRemove
 .text.prvPortStartFirstTask
                0x0000000008004b40       0x28 build/port.o
 .text.vPortEnableVFP
                0x0000000008004b68       0x14 build/port.o
 .text.prvTaskExitError
                0x0000000008004b7c       0x40 build/port.o
 .text.pxPortInitialiseStack
                0x0000000008004bbc       0x30 build/port.o
                0x0000000008004bbc                pxPortInitialiseStack
 *fill*         0x0000000008004bec        0x4 
 .text.SVC_Handler
                0x0000000008004bf0       0x24 build/port.o
                0x0000000008004bf0                SVC_Handler
 .text.vPortEnterCritical
                0x0000000008004c14       0x44 build/port.o
                0x0000000008004c14                vPortEnterCritical
 .text.vPortExitCritical
                0x0000000008004c58       0x28 build/port.o
                0x0000000008004c58                vPortExitCritical
 .text.PendSV_Handler
                0x0000000008004c80       0x64 build/port.o
                0x0000000008004c80                PendSV_Handler
 .text.xPortSysTickHandler
                0x0000000008004ce4       0x2c build/port.o
                0x0000000008004ce4                xPortSysTickHandler
 .text.vPortSetupTimerInterrupt
                0x0000000008004d10       0x3c build/port.o
                0x0000000008004d10                vPortSetupTimerInterrupt
 .text.xPortStartScheduler
                0x0000000008004d4c      0x108 build/port.o
                0x0000000008004d4c                xPortStartScheduler
 .text.vPortValidateInterruptPriority
                0x0000000008004e54       0x5c build/port.o
                0x0000000008004e54                vPortValidateInterruptPriority
 .text.prvInsertBlockIntoFreeList
                0x0000000008004eb0       0x60 build/heap_4.o
 .text.pvPortMalloc
                0x0000000008004f10      0x13c build/heap_4.o
                0x0000000008004f10                pvPortMalloc
 .text.vPortFree
                0x000000000800504c       0x7c build/heap_4.o
                0x000000000800504c                vPortFree
 .text.prvCopyDataToQueue
                0x00000000080050c8       0x84 build/queue.o
 .text.prvCopyDataFromQueue
                0x000000000800514c       0x24 build/queue.o
 .text.prvUnlockQueue
                0x0000000008005170       0x90 build/queue.o
 .text.xQueueGenericReset
                0x0000000008005200       0x8c build/queue.o
                0x0000000008005200                xQueueGenericReset
 .text.xQueueGenericCreateStatic
                0x000000000800528c       0xa0 build/queue.o
                0x000000000800528c                xQueueGenericCreateStatic
 .text.xQueueGenericSend
                0x000000000800532c      0x18c build/queue.o
                0x000000000800532c                xQueueGenericSend
 .text.xQueueGenericSendFromISR
                0x00000000080054b8       0xd8 build/queue.o
                0x00000000080054b8                xQueueGenericSendFromISR
 .text.xQueueReceive
                0x0000000008005590      0x16c build/queue.o
                0x0000000008005590                xQueueReceive
 .text.vQueueAddToRegistry
                0x00000000080056fc       0x28 build/queue.o
                0x00000000080056fc                vQueueAddToRegistry
 .text.vQueueWaitForMessageRestricted
                0x0000000008005724       0x50 build/queue.o
                0x0000000008005724                vQueueWaitForMessageRestricted
 .text.SysTick_Handler
                0x0000000008005774       0x1c build/cmsis_os2.o
                0x0000000008005774                SysTick_Handler
 .text.osKernelInitialize
                0x0000000008005790       0x24 build/cmsis_os2.o
                0x0000000008005790                osKernelInitialize
 .text.osKernelStart
                0x00000000080057b4       0x34 build/cmsis_os2.o
                0x00000000080057b4                osKernelStart
 .text.osThreadNew
                0x00000000080057e8       0x98 build/cmsis_os2.o
                0x00000000080057e8                osThreadNew
 .text.osDelay  0x0000000008005880       0x1c build/cmsis_os2.o
                0x0000000008005880                osDelay
 .text.vApplicationGetIdleTaskMemory
                0x000000000800589c       0x1c build/cmsis_os2.o
                0x000000000800589c                vApplicationGetIdleTaskMemory
 .text.vApplicationGetTimerTaskMemory
                0x00000000080058b8       0x1c build/cmsis_os2.o
                0x00000000080058b8                vApplicationGetTimerTaskMemory
 .text.prvCheckForValidListAndQueue
                0x00000000080058d4       0x6c build/timers.o
 .text.prvInsertTimerInActiveList
                0x0000000008005940       0x44 build/timers.o
 .text.xTimerCreateTimerTask
                0x0000000008005984       0x64 build/timers.o
                0x0000000008005984                xTimerCreateTimerTask
 .text.xTimerGenericCommand
                0x00000000080059e8       0x64 build/timers.o
                0x00000000080059e8                xTimerGenericCommand
 .text.prvSwitchTimerLists
                0x0000000008005a4c       0x88 build/timers.o
 .text.prvTimerTask
                0x0000000008005ad4      0x21c build/timers.o
 .text.prvAddNewTaskToReadyList
                0x0000000008005cf0      0x114 build/tasks.o
 .text.prvResetNextTaskUnblockTime.part.0
                0x0000000008005e04       0x18 build/tasks.o
 .text.prvInitialiseNewTask.isra.0
                0x0000000008005e1c       0x9c build/tasks.o
 .text.prvDeleteTCB
                0x0000000008005eb8       0x3c build/tasks.o
 .text.prvIdleTask
                0x0000000008005ef4       0x6c build/tasks.o
 .text.prvAddCurrentTaskToDelayedList
                0x0000000008005f60       0x70 build/tasks.o
 .text.xTaskIncrementTick.part.0
                0x0000000008005fd0      0x140 build/tasks.o
 .text.xTaskCreateStatic
                0x0000000008006110       0x70 build/tasks.o
                0x0000000008006110                xTaskCreateStatic
 .text.xTaskCreate
                0x0000000008006180       0x68 build/tasks.o
                0x0000000008006180                xTaskCreate
 .text.vTaskStartScheduler
                0x00000000080061e8       0x88 build/tasks.o
                0x00000000080061e8                vTaskStartScheduler
 .text.vTaskSuspendAll
                0x0000000008006270       0x10 build/tasks.o
                0x0000000008006270                vTaskSuspendAll
 .text.xTaskResumeAll
                0x0000000008006280      0x134 build/tasks.o
                0x0000000008006280                xTaskResumeAll
 .text.vTaskDelay
                0x00000000080063b4       0x48 build/tasks.o
                0x00000000080063b4                vTaskDelay
 .text.xTaskGetTickCount
                0x00000000080063fc        0xc build/tasks.o
                0x00000000080063fc                xTaskGetTickCount
 .text.xTaskIncrementTick
                0x0000000008006408       0x20 build/tasks.o
                0x0000000008006408                xTaskIncrementTick
 .text.vTaskSwitchContext
                0x0000000008006428       0x88 build/tasks.o
                0x0000000008006428                vTaskSwitchContext
 .text.vTaskPlaceOnEventList
                0x00000000080064b0       0x34 build/tasks.o
                0x00000000080064b0                vTaskPlaceOnEventList
 .text.vTaskPlaceOnEventListRestricted
                0x00000000080064e4       0x3c build/tasks.o
                0x00000000080064e4                vTaskPlaceOnEventListRestricted
 .text.xTaskRemoveFromEventList
                0x0000000008006520       0x94 build/tasks.o
                0x0000000008006520                xTaskRemoveFromEventList
 .text.vTaskInternalSetTimeOutState
                0x00000000080065b4       0x18 build/tasks.o
                0x00000000080065b4                vTaskInternalSetTimeOutState
 .text.xTaskCheckForTimeOut
                0x00000000080065cc       0x90 build/tasks.o
                0x00000000080065cc                xTaskCheckForTimeOut
 .text.vTaskMissedYield
                0x000000000800665c        0xc build/tasks.o
                0x000000000800665c                vTaskMissedYield
 .text.xTaskGetSchedulerState
                0x0000000008006668       0x20 build/tasks.o
                0x0000000008006668                xTaskGetSchedulerState
 .text.xTaskPriorityDisinherit
                0x0000000008006688       0x8c build/tasks.o
                0x0000000008006688                xTaskPriorityDisinherit
 .text.USER_initialize
                0x0000000008006714       0x10 build/user_diskio.o
                0x0000000008006714                USER_initialize
 .text.USER_read
                0x0000000008006724        0x4 build/user_diskio.o
                0x0000000008006724                USER_read
 .text.USER_ioctl
                0x0000000008006728        0x4 build/user_diskio.o
                0x0000000008006728                USER_ioctl
 .text.USER_write
                0x000000000800672c        0x4 build/user_diskio.o
                0x000000000800672c                USER_write
 .text.USER_status
                0x0000000008006730       0x10 build/user_diskio.o
                0x0000000008006730                USER_status
 .text.HAL_MspInit
                0x0000000008006740       0x34 build/stm32h7xx_hal_msp.o
                0x0000000008006740                HAL_MspInit
 .text.HAL_CRC_MspInit
                0x0000000008006774       0x30 build/stm32h7xx_hal_msp.o
                0x0000000008006774                HAL_CRC_MspInit
 .text.HAL_DSI_MspInit
                0x00000000080067a4       0x98 build/stm32h7xx_hal_msp.o
                0x00000000080067a4                HAL_DSI_MspInit
 .text.HAL_I2C_MspInit
                0x000000000800683c      0x10c build/stm32h7xx_hal_msp.o
                0x000000000800683c                HAL_I2C_MspInit
 .text.HAL_LTDC_MspInit
                0x0000000008006948       0x78 build/stm32h7xx_hal_msp.o
                0x0000000008006948                HAL_LTDC_MspInit
 .text.HAL_UART_MspInit
                0x00000000080069c0       0x9c build/stm32h7xx_hal_msp.o
                0x00000000080069c0                HAL_UART_MspInit
 .text.HAL_InitTick
                0x0000000008006a5c       0x9c build/stm32h7xx_hal_timebase_tim.o
                0x0000000008006a5c                HAL_InitTick
 .text.SystemInit
                0x0000000008006af8       0x88 build/system_stm32h7xx.o
                0x0000000008006af8                SystemInit
 .text.StartDefaultTask
                0x0000000008006b80        0xc build/main.o
                0x0000000008006b80                StartDefaultTask
 .text.SystemClock_Config
                0x0000000008006b8c       0xe0 build/main.o
                0x0000000008006b8c                SystemClock_Config
 .text.PeriphCommonClock_Config
                0x0000000008006c6c       0x40 build/main.o
                0x0000000008006c6c                PeriphCommonClock_Config
 .text.startup.main
                0x0000000008006cac      0x418 build/main.o
                0x0000000008006cac                main
 .text.HAL_TIM_PeriodElapsedCallback
                0x00000000080070c4       0x10 build/main.o
                0x00000000080070c4                HAL_TIM_PeriodElapsedCallback
 .text.Error_Handler
                0x00000000080070d4        0x4 build/main.o
                0x00000000080070d4                Error_Handler
 .text.MX_FATFS_Init
                0x00000000080070d8       0x1c build/fatfs.o
                0x00000000080070d8                MX_FATFS_Init
 .text.NMI_Handler
                0x00000000080070f4        0x4 build/stm32h7xx_it.o
                0x00000000080070f4                NMI_Handler
 .text.HardFault_Handler
                0x00000000080070f8        0x4 build/stm32h7xx_it.o
                0x00000000080070f8                HardFault_Handler
 .text.MemManage_Handler
                0x00000000080070fc        0x4 build/stm32h7xx_it.o
                0x00000000080070fc                MemManage_Handler
 .text.BusFault_Handler
                0x0000000008007100        0x4 build/stm32h7xx_it.o
                0x0000000008007100                BusFault_Handler
 .text.UsageFault_Handler
                0x0000000008007104        0x4 build/stm32h7xx_it.o
                0x0000000008007104                UsageFault_Handler
 .text.DebugMon_Handler
                0x0000000008007108        0x4 build/stm32h7xx_it.o
                0x0000000008007108                DebugMon_Handler
 .text.TIM2_IRQHandler
                0x000000000800710c        0xc build/stm32h7xx_it.o
                0x000000000800710c                TIM2_IRQHandler
 .text.BDMA_Channel0_IRQHandler
                0x0000000008007118        0xc build/stm32h7xx_it.o
                0x0000000008007118                BDMA_Channel0_IRQHandler
 .text.BDMA_Channel1_IRQHandler
                0x0000000008007124        0xc build/stm32h7xx_it.o
                0x0000000008007124                BDMA_Channel1_IRQHandler
 .text.Reset_Handler
                0x0000000008007130       0x50 build/startup_stm32h747xihx.o
                0x0000000008007130                Reset_Handler
 .text.Default_Handler
                0x0000000008007180        0x2 build/startup_stm32h747xihx.o
                0x0000000008007180                DMA1_Stream3_IRQHandler
                0x0000000008007180                EXTI2_IRQHandler
                0x0000000008007180                TIM8_CC_IRQHandler
                0x0000000008007180                HRTIM1_Master_IRQHandler
                0x0000000008007180                UART8_IRQHandler
                0x0000000008007180                SPI4_IRQHandler
                0x0000000008007180                TIM1_CC_IRQHandler
                0x0000000008007180                BDMA_Channel6_IRQHandler
                0x0000000008007180                DMA2_Stream5_IRQHandler
                0x0000000008007180                HRTIM1_FLT_IRQHandler
                0x0000000008007180                JPEG_IRQHandler
                0x0000000008007180                DMA1_Stream5_IRQHandler
                0x0000000008007180                HRTIM1_TIMD_IRQHandler
                0x0000000008007180                TAMP_STAMP_IRQHandler
                0x0000000008007180                EXTI3_IRQHandler
                0x0000000008007180                LPTIM4_IRQHandler
                0x0000000008007180                TIM8_TRG_COM_TIM14_IRQHandler
                0x0000000008007180                LPTIM2_IRQHandler
                0x0000000008007180                DFSDM1_FLT1_IRQHandler
                0x0000000008007180                DMAMUX2_OVR_IRQHandler
                0x0000000008007180                TIM8_UP_TIM13_IRQHandler
                0x0000000008007180                I2C3_ER_IRQHandler
                0x0000000008007180                DFSDM1_FLT2_IRQHandler
                0x0000000008007180                MDMA_IRQHandler
                0x0000000008007180                LPTIM3_IRQHandler
                0x0000000008007180                HSEM1_IRQHandler
                0x0000000008007180                EXTI0_IRQHandler
                0x0000000008007180                I2C2_EV_IRQHandler
                0x0000000008007180                DMA1_Stream2_IRQHandler
                0x0000000008007180                FPU_IRQHandler
                0x0000000008007180                OTG_HS_WKUP_IRQHandler
                0x0000000008007180                FDCAN1_IT1_IRQHandler
                0x0000000008007180                LTDC_ER_IRQHandler
                0x0000000008007180                DMA2_Stream2_IRQHandler
                0x0000000008007180                HRTIM1_TIME_IRQHandler
                0x0000000008007180                SPI1_IRQHandler
                0x0000000008007180                TIM6_DAC_IRQHandler
                0x0000000008007180                DCMI_IRQHandler
                0x0000000008007180                HRTIM1_TIMC_IRQHandler
                0x0000000008007180                DMA2_Stream3_IRQHandler
                0x0000000008007180                SAI2_IRQHandler
                0x0000000008007180                DFSDM1_FLT3_IRQHandler
                0x0000000008007180                USART6_IRQHandler
                0x0000000008007180                TIM17_IRQHandler
                0x0000000008007180                USART3_IRQHandler
                0x0000000008007180                BDMA_Channel7_IRQHandler
                0x0000000008007180                LPTIM5_IRQHandler
                0x0000000008007180                UART5_IRQHandler
                0x0000000008007180                ADC3_IRQHandler
                0x0000000008007180                DMA2_Stream0_IRQHandler
                0x0000000008007180                TIM4_IRQHandler
                0x0000000008007180                BDMA_Channel2_IRQHandler
                0x0000000008007180                QUADSPI_IRQHandler
                0x0000000008007180                I2C1_EV_IRQHandler
                0x0000000008007180                DMA1_Stream6_IRQHandler
                0x0000000008007180                DMAMUX1_OVR_IRQHandler
                0x0000000008007180                DMA1_Stream1_IRQHandler
                0x0000000008007180                TIM16_IRQHandler
                0x0000000008007180                UART4_IRQHandler
                0x0000000008007180                BDMA_Channel5_IRQHandler
                0x0000000008007180                TIM3_IRQHandler
                0x0000000008007180                RCC_IRQHandler
                0x0000000008007180                TIM8_BRK_TIM12_IRQHandler
                0x0000000008007180                TIM1_TRG_COM_IRQHandler
                0x0000000008007180                Default_Handler
                0x0000000008007180                ECC_IRQHandler
                0x0000000008007180                CEC_IRQHandler
                0x0000000008007180                EXTI15_10_IRQHandler
                0x0000000008007180                ADC_IRQHandler
                0x0000000008007180                DMA1_Stream7_IRQHandler
                0x0000000008007180                HRTIM1_TIMA_IRQHandler
                0x0000000008007180                SPI5_IRQHandler
                0x0000000008007180                TIM7_IRQHandler
                0x0000000008007180                SDMMC1_IRQHandler
                0x0000000008007180                TIM5_IRQHandler
                0x0000000008007180                DMA2_Stream7_IRQHandler
                0x0000000008007180                TIM15_IRQHandler
                0x0000000008007180                PVD_AVD_IRQHandler
                0x0000000008007180                I2C3_EV_IRQHandler
                0x0000000008007180                EXTI9_5_IRQHandler
                0x0000000008007180                RTC_WKUP_IRQHandler
                0x0000000008007180                LTDC_IRQHandler
                0x0000000008007180                SAI3_IRQHandler
                0x0000000008007180                ETH_WKUP_IRQHandler
                0x0000000008007180                SPDIF_RX_IRQHandler
                0x0000000008007180                SPI2_IRQHandler
                0x0000000008007180                OTG_HS_EP1_IN_IRQHandler
                0x0000000008007180                DMA1_Stream0_IRQHandler
                0x0000000008007180                CRS_IRQHandler
                0x0000000008007180                CM7_SEV_IRQHandler
                0x0000000008007180                EXTI4_IRQHandler
                0x0000000008007180                RNG_IRQHandler
                0x0000000008007180                CM4_SEV_IRQHandler
                0x0000000008007180                HRTIM1_TIMB_IRQHandler
                0x0000000008007180                FDCAN2_IT1_IRQHandler
                0x0000000008007180                DSI_IRQHandler
                0x0000000008007180                ETH_IRQHandler
                0x0000000008007180                TIM1_UP_IRQHandler
                0x0000000008007180                WWDG_RST_IRQHandler
                0x0000000008007180                BDMA_Channel4_IRQHandler
                0x0000000008007180                OTG_HS_EP1_OUT_IRQHandler
                0x0000000008007180                WWDG_IRQHandler
                0x0000000008007180                SPI6_IRQHandler
                0x0000000008007180                MDIOS_IRQHandler
                0x0000000008007180                I2C4_EV_IRQHandler
                0x0000000008007180                FDCAN2_IT0_IRQHandler
                0x0000000008007180                LPUART1_IRQHandler
                0x0000000008007180                FDCAN1_IT0_IRQHandler
                0x0000000008007180                OTG_FS_WKUP_IRQHandler
                0x0000000008007180                OTG_HS_IRQHandler
                0x0000000008007180                HSEM2_IRQHandler
                0x0000000008007180                DMA2D_IRQHandler
                0x0000000008007180                TIM1_BRK_IRQHandler
                0x0000000008007180                EXTI1_IRQHandler
                0x0000000008007180                SDMMC2_IRQHandler
                0x0000000008007180                OTG_FS_EP1_OUT_IRQHandler
                0x0000000008007180                BDMA_Channel3_IRQHandler
                0x0000000008007180                HOLD_CORE_IRQHandler
                0x0000000008007180                UART7_IRQHandler
                0x0000000008007180                MDIOS_WKUP_IRQHandler
                0x0000000008007180                USART2_IRQHandler
                0x0000000008007180                DFSDM1_FLT0_IRQHandler
                0x0000000008007180                SAI4_IRQHandler
                0x0000000008007180                I2C2_ER_IRQHandler
                0x0000000008007180                DMA2_Stream1_IRQHandler
                0x0000000008007180                FLASH_IRQHandler
                0x0000000008007180                DMA2_Stream4_IRQHandler
                0x0000000008007180                USART1_IRQHandler
                0x0000000008007180                OTG_FS_IRQHandler
                0x0000000008007180                SPI3_IRQHandler
                0x0000000008007180                WAKEUP_PIN_IRQHandler
                0x0000000008007180                DMA1_Stream4_IRQHandler
                0x0000000008007180                OTG_FS_EP1_IN_IRQHandler
                0x0000000008007180                I2C1_ER_IRQHandler
                0x0000000008007180                FMC_IRQHandler
                0x0000000008007180                FDCAN_CAL_IRQHandler
                0x0000000008007180                SWPMI1_IRQHandler
                0x0000000008007180                COMP1_IRQHandler
                0x0000000008007180                LPTIM1_IRQHandler
                0x0000000008007180                I2C4_ER_IRQHandler
                0x0000000008007180                DMA2_Stream6_IRQHandler
                0x0000000008007180                SAI1_IRQHandler
                0x0000000008007180                RTC_Alarm_IRQHandler
 *fill*         0x0000000008007182        0x2 
 .text.__libc_init_array
                0x0000000008007184       0x48 /opt/homebrew/Cellar/arm-none-eabi-gcc/9-2019-q4-major/gcc/bin/../lib/gcc/arm-none-eabi/9.2.1/../../../../arm-none-eabi/lib/thumb/v7e-m+dp/hard/libc_nano.a(lib_a-init.o)
                0x0000000008007184                __libc_init_array
 .text.memcpy   0x00000000080071cc       0x1c /opt/homebrew/Cellar/arm-none-eabi-gcc/9-2019-q4-major/gcc/bin/../lib/gcc/arm-none-eabi/9.2.1/../../../../arm-none-eabi/lib/thumb/v7e-m+dp/hard/libc_nano.a(lib_a-memcpy-stub.o)
                0x00000000080071cc                memcpy
 .text.memset   0x00000000080071e8       0x10 /opt/homebrew/Cellar/arm-none-eabi-gcc/9-2019-q4-major/gcc/bin/../lib/gcc/arm-none-eabi/9.2.1/../../../../arm-none-eabi/lib/thumb/v7e-m+dp/hard/libc_nano.a(lib_a-memset.o)
                0x00000000080071e8                memset
 .text.__cvt    0x00000000080071f8       0xa4 /opt/homebrew/Cellar/arm-none-eabi-gcc/9-2019-q4-major/gcc/bin/../lib/gcc/arm-none-eabi/9.2.1/../../../../arm-none-eabi/lib/thumb/v7e-m+dp/hard/libc_nano.a(lib_a-nano-vfprintf_float.o)
                0x00000000080071f8                __cvt
 .text.__exponent
                0x000000000800729c       0x7c /opt/homebrew/Cellar/arm-none-eabi-gcc/9-2019-q4-major/gcc/bin/../lib/gcc/arm-none-eabi/9.2.1/../../../../arm-none-eabi/lib/thumb/v7e-m+dp/hard/libc_nano.a(lib_a-nano-vfprintf_float.o)
                0x000000000800729c                __exponent
 .text._printf_float
                0x0000000008007318      0x43c /opt/homebrew/Cellar/arm-none-eabi-gcc/9-2019-q4-major/gcc/bin/../lib/gcc/arm-none-eabi/9.2.1/../../../../arm-none-eabi/lib/thumb/v7e-m+dp/hard/libc_nano.a(lib_a-nano-vfprintf_float.o)
                0x0000000008007318                _printf_float
 .text._printf_common
                0x0000000008007754       0xda /opt/homebrew/Cellar/arm-none-eabi-gcc/9-2019-q4-major/gcc/bin/../lib/gcc/arm-none-eabi/9.2.1/../../../../arm-none-eabi/lib/thumb/v7e-m+dp/hard/libc_nano.a(lib_a-nano-vfprintf_i.o)
                0x0000000008007754                _printf_common
 .text.quorem   0x000000000800782e      0x116 /opt/homebrew/Cellar/arm-none-eabi-gcc/9-2019-q4-major/gcc/bin/../lib/gcc/arm-none-eabi/9.2.1/../../../../arm-none-eabi/lib/thumb/v7e-m+dp/hard/libc_nano.a(lib_a-dtoa.o)
 *fill*         0x0000000008007944        0x4 
 .text._dtoa_r  0x0000000008007948      0xad8 /opt/homebrew/Cellar/arm-none-eabi-gcc/9-2019-q4-major/gcc/bin/../lib/gcc/arm-none-eabi/9.2.1/../../../../arm-none-eabi/lib/thumb/v7e-m+dp/hard/libc_nano.a(lib_a-dtoa.o)
                0x0000000008007948                _dtoa_r
 .text._localeconv_r
                0x0000000008008420        0x8 /opt/homebrew/Cellar/arm-none-eabi-gcc/9-2019-q4-major/gcc/bin/../lib/gcc/arm-none-eabi/9.2.1/../../../../arm-none-eabi/lib/thumb/v7e-m+dp/hard/libc_nano.a(lib_a-localeconv.o)
                0x0000000008008420                _localeconv_r
 .text.malloc   0x0000000008008428       0x10 /opt/homebrew/Cellar/arm-none-eabi-gcc/9-2019-q4-major/gcc/bin/../lib/gcc/arm-none-eabi/9.2.1/../../../../arm-none-eabi/lib/thumb/v7e-m+dp/hard/libc_nano.a(lib_a-malloc.o)
                0x0000000008008428                malloc
 .text._Balloc  0x0000000008008438       0x68 /opt/homebrew/Cellar/arm-none-eabi-gcc/9-2019-q4-major/gcc/bin/../lib/gcc/arm-none-eabi/9.2.1/../../../../arm-none-eabi/lib/thumb/v7e-m+dp/hard/libc_nano.a(lib_a-mprec.o)
                0x0000000008008438                _Balloc
 .text._Bfree   0x00000000080084a0       0x2e /opt/homebrew/Cellar/arm-none-eabi-gcc/9-2019-q4-major/gcc/bin/../lib/gcc/arm-none-eabi/9.2.1/../../../../arm-none-eabi/lib/thumb/v7e-m+dp/hard/libc_nano.a(lib_a-mprec.o)
                0x00000000080084a0                _Bfree
 .text.__multadd
                0x00000000080084ce       0x7c /opt/homebrew/Cellar/arm-none-eabi-gcc/9-2019-q4-major/gcc/bin/../lib/gcc/arm-none-eabi/9.2.1/../../../../arm-none-eabi/lib/thumb/v7e-m+dp/hard/libc_nano.a(lib_a-mprec.o)
                0x00000000080084ce                __multadd
 .text.__hi0bits
                0x000000000800854a       0x40 /opt/homebrew/Cellar/arm-none-eabi-gcc/9-2019-q4-major/gcc/bin/../lib/gcc/arm-none-eabi/9.2.1/../../../../arm-none-eabi/lib/thumb/v7e-m+dp/hard/libc_nano.a(lib_a-mprec.o)
                0x000000000800854a                __hi0bits
 .text.__lo0bits
                0x000000000800858a       0x60 /opt/homebrew/Cellar/arm-none-eabi-gcc/9-2019-q4-major/gcc/bin/../lib/gcc/arm-none-eabi/9.2.1/../../../../arm-none-eabi/lib/thumb/v7e-m+dp/hard/libc_nano.a(lib_a-mprec.o)
                0x000000000800858a                __lo0bits
 .text.__i2b    0x00000000080085ea       0x12 /opt/homebrew/Cellar/arm-none-eabi-gcc/9-2019-q4-major/gcc/bin/../lib/gcc/arm-none-eabi/9.2.1/../../../../arm-none-eabi/lib/thumb/v7e-m+dp/hard/libc_nano.a(lib_a-mprec.o)
                0x00000000080085ea                __i2b
 .text.__multiply
                0x00000000080085fc      0x138 /opt/homebrew/Cellar/arm-none-eabi-gcc/9-2019-q4-major/gcc/bin/../lib/gcc/arm-none-eabi/9.2.1/../../../../arm-none-eabi/lib/thumb/v7e-m+dp/hard/libc_nano.a(lib_a-mprec.o)
                0x00000000080085fc                __multiply
 .text.__pow5mult
                0x0000000008008734       0x9c /opt/homebrew/Cellar/arm-none-eabi-gcc/9-2019-q4-major/gcc/bin/../lib/gcc/arm-none-eabi/9.2.1/../../../../arm-none-eabi/lib/thumb/v7e-m+dp/hard/libc_nano.a(lib_a-mprec.o)
                0x0000000008008734                __pow5mult
 .text.__lshift
                0x00000000080087d0       0xbe /opt/homebrew/Cellar/arm-none-eabi-gcc/9-2019-q4-major/gcc/bin/../lib/gcc/arm-none-eabi/9.2.1/../../../../arm-none-eabi/lib/thumb/v7e-m+dp/hard/libc_nano.a(lib_a-mprec.o)
                0x00000000080087d0                __lshift
 .text.__mcmp   0x000000000800888e       0x38 /opt/homebrew/Cellar/arm-none-eabi-gcc/9-2019-q4-major/gcc/bin/../lib/gcc/arm-none-eabi/9.2.1/../../../../arm-none-eabi/lib/thumb/v7e-m+dp/hard/libc_nano.a(lib_a-mprec.o)
                0x000000000800888e                __mcmp
 .text.__mdiff  0x00000000080088c6       0xec /opt/homebrew/Cellar/arm-none-eabi-gcc/9-2019-q4-major/gcc/bin/../lib/gcc/arm-none-eabi/9.2.1/../../../../arm-none-eabi/lib/thumb/v7e-m+dp/hard/libc_nano.a(lib_a-mprec.o)
                0x00000000080088c6                __mdiff
 .text.__d2b    0x00000000080089b2       0xa0 /opt/homebrew/Cellar/arm-none-eabi-gcc/9-2019-q4-major/gcc/bin/../lib/gcc/arm-none-eabi/9.2.1/../../../../arm-none-eabi/lib/thumb/v7e-m+dp/hard/libc_nano.a(lib_a-mprec.o)
                0x00000000080089b2                __d2b
 .text._calloc_r
                0x0000000008008a52       0x1e /opt/homebrew/Cellar/arm-none-eabi-gcc/9-2019-q4-major/gcc/bin/../lib/gcc/arm-none-eabi/9.2.1/../../../../arm-none-eabi/lib/thumb/v7e-m+dp/hard/libc_nano.a(lib_a-nano-callocr.o)
                0x0000000008008a52                _calloc_r
 .text._malloc_r
                0x0000000008008a70       0xb4 /opt/homebrew/Cellar/arm-none-eabi-gcc/9-2019-q4-major/gcc/bin/../lib/gcc/arm-none-eabi/9.2.1/../../../../arm-none-eabi/lib/thumb/v7e-m+dp/hard/libc_nano.a(lib_a-nano-mallocr.o)
                0x0000000008008a70                _malloc_r
 .text._sbrk_r  0x0000000008008b24       0x20 /opt/homebrew/Cellar/arm-none-eabi-gcc/9-2019-q4-major/gcc/bin/../lib/gcc/arm-none-eabi/9.2.1/../../../../arm-none-eabi/lib/thumb/v7e-m+dp/hard/libc_nano.a(lib_a-sbrkr.o)
                0x0000000008008b24                _sbrk_r
 .text.__ascii_mbtowc
                0x0000000008008b44       0x24 /opt/homebrew/Cellar/arm-none-eabi-gcc/9-2019-q4-major/gcc/bin/../lib/gcc/arm-none-eabi/9.2.1/../../../../arm-none-eabi/lib/thumb/v7e-m+dp/hard/libc_nano.a(lib_a-mbtowc_r.o)
                0x0000000008008b44                __ascii_mbtowc
 .text.__malloc_lock
                0x0000000008008b68        0xc /opt/homebrew/Cellar/arm-none-eabi-gcc/9-2019-q4-major/gcc/bin/../lib/gcc/arm-none-eabi/9.2.1/../../../../arm-none-eabi/lib/thumb/v7e-m+dp/hard/libc_nano.a(lib_a-mlock.o)
                0x0000000008008b68                __malloc_lock
 .text.__malloc_unlock
                0x0000000008008b74        0xc /opt/homebrew/Cellar/arm-none-eabi-gcc/9-2019-q4-major/gcc/bin/../lib/gcc/arm-none-eabi/9.2.1/../../../../arm-none-eabi/lib/thumb/v7e-m+dp/hard/libc_nano.a(lib_a-mlock.o)
                0x0000000008008b74                __malloc_unlock
 .text.__ascii_wctomb
                0x0000000008008b80       0x1a /opt/homebrew/Cellar/arm-none-eabi-gcc/9-2019-q4-major/gcc/bin/../lib/gcc/arm-none-eabi/9.2.1/../../../../arm-none-eabi/lib/thumb/v7e-m+dp/hard/libc_nano.a(lib_a-wctomb_r.o)
                0x0000000008008b80                __ascii_wctomb
 .text.__retarget_lock_acquire_recursive
                0x0000000008008b9a        0x2 /opt/homebrew/Cellar/arm-none-eabi-gcc/9-2019-q4-major/gcc/bin/../lib/gcc/arm-none-eabi/9.2.1/../../../../arm-none-eabi/lib/thumb/v7e-m+dp/hard/libc_nano.a(lib_a-lock.o)
                0x0000000008008b9a                __retarget_lock_acquire_recursive
 .text.__retarget_lock_release_recursive
                0x0000000008008b9c        0x2 /opt/homebrew/Cellar/arm-none-eabi-gcc/9-2019-q4-major/gcc/bin/../lib/gcc/arm-none-eabi/9.2.1/../../../../arm-none-eabi/lib/thumb/v7e-m+dp/hard/libc_nano.a(lib_a-lock.o)
                0x0000000008008b9c                __retarget_lock_release_recursive
 *fill*         0x0000000008008b9e        0x2 
 .text._sbrk    0x0000000008008ba0       0x1c /opt/homebrew/Cellar/arm-none-eabi-gcc/9-2019-q4-major/gcc/bin/../lib/gcc/arm-none-eabi/9.2.1/../../../../arm-none-eabi/lib/thumb/v7e-m+dp/hard/libnosys.a(sbrk.o)
                0x0000000008008ba0                _sbrk
 *(.glue_7)
 .glue_7        0x0000000008008bbc        0x0 linker stubs
 *(.glue_7t)
 .glue_7t       0x0000000008008bbc        0x0 linker stubs
 *(.eh_frame)
 .eh_frame      0x0000000008008bbc        0x0 /opt/homebrew/Cellar/arm-none-eabi-gcc/9-2019-q4-major/gcc/bin/../lib/gcc/arm-none-eabi/9.2.1/thumb/v7e-m+dp/hard/crtbegin.o
 *(.init)
 .init          0x0000000008008bbc        0x4 /opt/homebrew/Cellar/arm-none-eabi-gcc/9-2019-q4-major/gcc/bin/../lib/gcc/arm-none-eabi/9.2.1/thumb/v7e-m+dp/hard/crti.o
                0x0000000008008bbc                _init
 .init          0x0000000008008bc0        0x8 /opt/homebrew/Cellar/arm-none-eabi-gcc/9-2019-q4-major/gcc/bin/../lib/gcc/arm-none-eabi/9.2.1/thumb/v7e-m+dp/hard/crtn.o
 *(.fini)
 .fini          0x0000000008008bc8        0x4 /opt/homebrew/Cellar/arm-none-eabi-gcc/9-2019-q4-major/gcc/bin/../lib/gcc/arm-none-eabi/9.2.1/thumb/v7e-m+dp/hard/crti.o
                0x0000000008008bc8                _fini
 .fini          0x0000000008008bcc        0x8 /opt/homebrew/Cellar/arm-none-eabi-gcc/9-2019-q4-major/gcc/bin/../lib/gcc/arm-none-eabi/9.2.1/thumb/v7e-m+dp/hard/crtn.o
                0x0000000008008bd4                . = ALIGN (0x4)
                0x0000000008008bd4                _etext = .

.vfp11_veneer   0x0000000008008bd4        0x0
 .vfp11_veneer  0x0000000008008bd4        0x0 linker stubs

.v4_bx          0x0000000008008bd4        0x0
 .v4_bx         0x0000000008008bd4        0x0 linker stubs

.iplt           0x0000000008008bd4        0x0
 .iplt          0x0000000008008bd4        0x0 /opt/homebrew/Cellar/arm-none-eabi-gcc/9-2019-q4-major/gcc/bin/../lib/gcc/arm-none-eabi/9.2.1/thumb/v7e-m+dp/hard/crtbegin.o

.rodata         0x0000000008008bd8      0x2f0
                0x0000000008008bd8                . = ALIGN (0x4)
 *(.rodata)
 *(.rodata*)
 .rodata.flagBitshiftOffset.11787
                0x0000000008008bd8        0x8 build/stm32h7xx_hal_dma.o
 .rodata.CSWTCH.59
                0x0000000008008be0       0x29 build/stm32h7xx_hal_uart.o
 *fill*         0x0000000008008c09        0x3 
 .rodata.CSWTCH.60
                0x0000000008008c0c        0x6 build/stm32h7xx_hal_uart.o
 *fill*         0x0000000008008c12        0x2 
 .rodata.CSWTCH.67
                0x0000000008008c14        0x6 build/stm32h7xx_hal_uart.o
 *fill*         0x0000000008008c1a        0x2 
 .rodata.UARTPrescTable
                0x0000000008008c1c       0x18 build/stm32h7xx_hal_uart.o
                0x0000000008008c1c                UARTPrescTable
 .rodata.denominator.11743
                0x0000000008008c34        0x8 build/stm32h7xx_hal_uart_ex.o
 .rodata.numerator.11742
                0x0000000008008c3c        0x8 build/stm32h7xx_hal_uart_ex.o
 .rodata.prvCheckForValidListAndQueue.str1.4
                0x0000000008008c44        0x5 build/timers.o
 *fill*         0x0000000008008c49        0x3 
 .rodata.xTimerCreateTimerTask.str1.4
                0x0000000008008c4c        0x8 build/timers.o
 .rodata.vTaskStartScheduler.str1.4
                0x0000000008008c54        0x5 build/tasks.o
 *fill*         0x0000000008008c59        0x3 
 .rodata.D1CorePrescTable
                0x0000000008008c5c       0x10 build/system_stm32h7xx.o
                0x0000000008008c5c                D1CorePrescTable
 .rodata.str1.4
                0x0000000008008c6c        0xc build/main.o
 .rodata.defaultTask_attributes
                0x0000000008008c78       0x24 build/main.o
                0x0000000008008c78                defaultTask_attributes
 .rodata._printf_float.str1.1
                0x0000000008008c9c       0x12 /opt/homebrew/Cellar/arm-none-eabi-gcc/9-2019-q4-major/gcc/bin/../lib/gcc/arm-none-eabi/9.2.1/../../../../arm-none-eabi/lib/thumb/v7e-m+dp/hard/libc_nano.a(lib_a-nano-vfprintf_float.o)
 .rodata._dtoa_r.str1.1
                0x0000000008008cae        0xd /opt/homebrew/Cellar/arm-none-eabi-gcc/9-2019-q4-major/gcc/bin/../lib/gcc/arm-none-eabi/9.2.1/../../../../arm-none-eabi/lib/thumb/v7e-m+dp/hard/libc_nano.a(lib_a-dtoa.o)
                                          0xf (size before relaxing)
 *fill*         0x0000000008008cbb        0x5 
 .rodata.__mprec_bigtens
                0x0000000008008cc0       0x28 /opt/homebrew/Cellar/arm-none-eabi-gcc/9-2019-q4-major/gcc/bin/../lib/gcc/arm-none-eabi/9.2.1/../../../../arm-none-eabi/lib/thumb/v7e-m+dp/hard/libc_nano.a(lib_a-mprec.o)
                0x0000000008008cc0                __mprec_bigtens
 .rodata.__mprec_tens
                0x0000000008008ce8       0xc8 /opt/homebrew/Cellar/arm-none-eabi-gcc/9-2019-q4-major/gcc/bin/../lib/gcc/arm-none-eabi/9.2.1/../../../../arm-none-eabi/lib/thumb/v7e-m+dp/hard/libc_nano.a(lib_a-mprec.o)
                0x0000000008008ce8                __mprec_tens
 .rodata.p05.7490
                0x0000000008008db0        0xc /opt/homebrew/Cellar/arm-none-eabi-gcc/9-2019-q4-major/gcc/bin/../lib/gcc/arm-none-eabi/9.2.1/../../../../arm-none-eabi/lib/thumb/v7e-m+dp/hard/libc_nano.a(lib_a-mprec.o)
 .rodata._setlocale_r.str1.1
                0x0000000008008dbc        0x8 /opt/homebrew/Cellar/arm-none-eabi-gcc/9-2019-q4-major/gcc/bin/../lib/gcc/arm-none-eabi/9.2.1/../../../../arm-none-eabi/lib/thumb/v7e-m+dp/hard/libc_nano.a(lib_a-locale.o)
                                          0x9 (size before relaxing)
 .rodata.str1.1
                0x0000000008008dc4        0x2 /opt/homebrew/Cellar/arm-none-eabi-gcc/9-2019-q4-major/gcc/bin/../lib/gcc/arm-none-eabi/9.2.1/../../../../arm-none-eabi/lib/thumb/v7e-m+dp/hard/libc_nano.a(lib_a-locale.o)
 .rodata._ctype_
                0x0000000008008dc6      0x101 /opt/homebrew/Cellar/arm-none-eabi-gcc/9-2019-q4-major/gcc/bin/../lib/gcc/arm-none-eabi/9.2.1/../../../../arm-none-eabi/lib/thumb/v7e-m+dp/hard/libc_nano.a(lib_a-ctype_.o)
                0x0000000008008dc6                _ctype_
                0x0000000008008ec8                . = ALIGN (0x4)
 *fill*         0x0000000008008ec7        0x1 

.ARM.extab      0x0000000008008ec8        0x0
                0x0000000008008ec8                . = ALIGN (0x4)
 *(.ARM.extab* .gnu.linkonce.armextab.*)
                0x0000000008008ec8                . = ALIGN (0x4)

.ARM            0x0000000008008ec8        0x8
                0x0000000008008ec8                . = ALIGN (0x4)
                0x0000000008008ec8                __exidx_start = .
 *(.ARM.exidx*)
 .ARM.exidx     0x0000000008008ec8        0x8 /opt/homebrew/Cellar/arm-none-eabi-gcc/9-2019-q4-major/gcc/bin/../lib/gcc/arm-none-eabi/9.2.1/thumb/v7e-m+dp/hard/libgcc.a(_udivmoddi4.o)
                0x0000000008008ed0                __exidx_end = .
                0x0000000008008ed0                . = ALIGN (0x4)

.rel.dyn        0x0000000008008ed0        0x0
 .rel.iplt      0x0000000008008ed0        0x0 /opt/homebrew/Cellar/arm-none-eabi-gcc/9-2019-q4-major/gcc/bin/../lib/gcc/arm-none-eabi/9.2.1/thumb/v7e-m+dp/hard/crtbegin.o

.preinit_array  0x0000000008008ed0        0x0
                0x0000000008008ed0                . = ALIGN (0x4)
                0x0000000008008ed0                PROVIDE (__preinit_array_start = .)
 *(.preinit_array*)
                0x0000000008008ed0                PROVIDE (__preinit_array_end = .)
                0x0000000008008ed0                . = ALIGN (0x4)

.init_array     0x0000000008008ed0        0x4
                0x0000000008008ed0                . = ALIGN (0x4)
                0x0000000008008ed0                PROVIDE (__init_array_start = .)
 *(SORT_BY_NAME(.init_array.*))
 *(.init_array*)
 .init_array    0x0000000008008ed0        0x4 /opt/homebrew/Cellar/arm-none-eabi-gcc/9-2019-q4-major/gcc/bin/../lib/gcc/arm-none-eabi/9.2.1/thumb/v7e-m+dp/hard/crtbegin.o
                0x0000000008008ed4                PROVIDE (__init_array_end = .)
                0x0000000008008ed4                . = ALIGN (0x4)

.fini_array     0x0000000008008ed4        0x4
                0x0000000008008ed4                . = ALIGN (0x4)
                [!provide]                        PROVIDE (__fini_array_start = .)
 *(SORT_BY_NAME(.fini_array.*))
 *(.fini_array*)
 .fini_array    0x0000000008008ed4        0x4 /opt/homebrew/Cellar/arm-none-eabi-gcc/9-2019-q4-major/gcc/bin/../lib/gcc/arm-none-eabi/9.2.1/thumb/v7e-m+dp/hard/crtbegin.o
                [!provide]                        PROVIDE (__fini_array_end = .)
                0x0000000008008ed8                . = ALIGN (0x4)
                0x0000000008008ed8                _sidata = LOADADDR (.data)

.data           0x0000000024000000      0x1fc load address 0x0000000008008ed8
                0x0000000024000000                . = ALIGN (0x4)
                0x0000000024000000                _sdata = .
 *(.data)
 *(.data*)
 .data.uwTickFreq
                0x0000000024000000        0x1 build/stm32h7xx_hal.o
                0x0000000024000000                uwTickFreq
 *fill*         0x0000000024000001        0x3 
 .data.uwTickPrio
                0x0000000024000004        0x4 build/stm32h7xx_hal.o
                0x0000000024000004                uwTickPrio
 .data.uxCriticalNesting
                0x0000000024000008        0x4 build/port.o
 .data.Stat     0x000000002400000c        0x1 build/user_diskio.o
 *fill*         0x000000002400000d        0x3 
 .data.USER_Driver
                0x0000000024000010       0x14 build/user_diskio.o
                0x0000000024000010                USER_Driver
 .data.SystemCoreClock
                0x0000000024000024        0x4 build/system_stm32h7xx.o
                0x0000000024000024                SystemCoreClock
 .data.SystemD2Clock
                0x0000000024000028        0x4 build/system_stm32h7xx.o
                0x0000000024000028                SystemD2Clock
 .data._impure_ptr
                0x000000002400002c        0x4 /opt/homebrew/Cellar/arm-none-eabi-gcc/9-2019-q4-major/gcc/bin/../lib/gcc/arm-none-eabi/9.2.1/../../../../arm-none-eabi/lib/thumb/v7e-m+dp/hard/libc_nano.a(lib_a-impure.o)
                0x000000002400002c                _impure_ptr
 .data.impure_data
                0x0000000024000030       0x60 /opt/homebrew/Cellar/arm-none-eabi-gcc/9-2019-q4-major/gcc/bin/../lib/gcc/arm-none-eabi/9.2.1/../../../../arm-none-eabi/lib/thumb/v7e-m+dp/hard/libc_nano.a(lib_a-impure.o)
 .data.__global_locale
                0x0000000024000090      0x16c /opt/homebrew/Cellar/arm-none-eabi-gcc/9-2019-q4-major/gcc/bin/../lib/gcc/arm-none-eabi/9.2.1/../../../../arm-none-eabi/lib/thumb/v7e-m+dp/hard/libc_nano.a(lib_a-locale.o)
                0x0000000024000090                __global_locale
 *(.RamFunc)
 *(.RamFunc*)
                0x00000000240001fc                . = ALIGN (0x4)
                0x00000000240001fc                _edata = .

.igot.plt       0x00000000240001fc        0x0 load address 0x00000000080090d4
 .igot.plt      0x00000000240001fc        0x0 /opt/homebrew/Cellar/arm-none-eabi-gcc/9-2019-q4-major/gcc/bin/../lib/gcc/arm-none-eabi/9.2.1/thumb/v7e-m+dp/hard/crtbegin.o
                0x00000000240001fc                . = ALIGN (0x4)

.bss            0x00000000240001fc     0x5104 load address 0x00000000080090d4
                0x00000000240001fc                _sbss = .
                0x00000000240001fc                __bss_start__ = _sbss
 *(.bss)
 .bss           0x00000000240001fc       0x1c /opt/homebrew/Cellar/arm-none-eabi-gcc/9-2019-q4-major/gcc/bin/../lib/gcc/arm-none-eabi/9.2.1/thumb/v7e-m+dp/hard/crtbegin.o
 *(.bss*)
 .bss.disk      0x0000000024000218        0xc build/ff_gen_drv.o
                0x0000000024000218                disk
 .bss.ucMaxSysCallPriority
                0x0000000024000224        0x1 build/port.o
 *fill*         0x0000000024000225        0x3 
 .bss.ulMaxPRIGROUPValue
                0x0000000024000228        0x4 build/port.o
 .bss.pxEnd     0x000000002400022c        0x4 build/heap_4.o
 .bss.ucHeap    0x0000000024000230     0x3c00 build/heap_4.o
 .bss.xBlockAllocatedBit
                0x0000000024003e30        0x4 build/heap_4.o
 .bss.xFreeBytesRemaining
                0x0000000024003e34        0x4 build/heap_4.o
 .bss.xMinimumEverFreeBytesRemaining
                0x0000000024003e38        0x4 build/heap_4.o
 .bss.xNumberOfSuccessfulAllocations
                0x0000000024003e3c        0x4 build/heap_4.o
 .bss.xNumberOfSuccessfulFrees
                0x0000000024003e40        0x4 build/heap_4.o
 .bss.xStart    0x0000000024003e44        0x8 build/heap_4.o
 .bss.Idle_Stack.13354
                0x0000000024003e4c      0x200 build/cmsis_os2.o
 .bss.Idle_TCB.13353
                0x000000002400404c       0x5c build/cmsis_os2.o
 .bss.KernelState
                0x00000000240040a8        0x4 build/cmsis_os2.o
 .bss.Timer_Stack.13361
                0x00000000240040ac      0x400 build/cmsis_os2.o
 .bss.Timer_TCB.13360
                0x00000000240044ac       0x5c build/cmsis_os2.o
 .bss.pxCurrentTimerList
                0x0000000024004508        0x4 build/timers.o
 .bss.pxOverflowTimerList
                0x000000002400450c        0x4 build/timers.o
 .bss.ucStaticTimerQueueStorage.6960
                0x0000000024004510       0xa0 build/timers.o
 .bss.xActiveTimerList1
                0x00000000240045b0       0x14 build/timers.o
 .bss.xActiveTimerList2
                0x00000000240045c4       0x14 build/timers.o
 .bss.xLastTime.6909
                0x00000000240045d8        0x4 build/timers.o
 .bss.xStaticTimerQueue.6959
                0x00000000240045dc       0x50 build/timers.o
 .bss.xTimerQueue
                0x000000002400462c        0x4 build/timers.o
 .bss.xTimerTaskHandle
                0x0000000024004630        0x4 build/timers.o
 .bss.pxCurrentTCB
                0x0000000024004634        0x4 build/tasks.o
                0x0000000024004634                pxCurrentTCB
 .bss.pxDelayedTaskList
                0x0000000024004638        0x4 build/tasks.o
 .bss.pxOverflowDelayedTaskList
                0x000000002400463c        0x4 build/tasks.o
 .bss.pxReadyTasksLists
                0x0000000024004640      0x460 build/tasks.o
 .bss.uxCurrentNumberOfTasks
                0x0000000024004aa0        0x4 build/tasks.o
 .bss.uxDeletedTasksWaitingCleanUp
                0x0000000024004aa4        0x4 build/tasks.o
 .bss.uxSchedulerSuspended
                0x0000000024004aa8        0x4 build/tasks.o
 .bss.uxTaskNumber
                0x0000000024004aac        0x4 build/tasks.o
 .bss.uxTopReadyPriority
                0x0000000024004ab0        0x4 build/tasks.o
 .bss.xDelayedTaskList1
                0x0000000024004ab4       0x14 build/tasks.o
 .bss.xDelayedTaskList2
                0x0000000024004ac8       0x14 build/tasks.o
 .bss.xNextTaskUnblockTime
                0x0000000024004adc        0x4 build/tasks.o
 .bss.xNumOfOverflows
                0x0000000024004ae0        0x4 build/tasks.o
 .bss.xPendedTicks
                0x0000000024004ae4        0x4 build/tasks.o
 .bss.xPendingReadyList
                0x0000000024004ae8       0x14 build/tasks.o
 .bss.xSchedulerRunning
                0x0000000024004afc        0x4 build/tasks.o
 .bss.xSuspendedTaskList
                0x0000000024004b00       0x14 build/tasks.o
 .bss.xTasksWaitingTermination
                0x0000000024004b14       0x14 build/tasks.o
 .bss.xTickCount
                0x0000000024004b28        0x4 build/tasks.o
 .bss.xYieldPending
                0x0000000024004b2c        0x4 build/tasks.o
 .bss.__malloc_free_list
                0x0000000024004b30        0x4 /opt/homebrew/Cellar/arm-none-eabi-gcc/9-2019-q4-major/gcc/bin/../lib/gcc/arm-none-eabi/9.2.1/../../../../arm-none-eabi/lib/thumb/v7e-m+dp/hard/libc_nano.a(lib_a-nano-mallocr.o)
                0x0000000024004b30                __malloc_free_list
 .bss.__malloc_sbrk_start
                0x0000000024004b34        0x4 /opt/homebrew/Cellar/arm-none-eabi-gcc/9-2019-q4-major/gcc/bin/../lib/gcc/arm-none-eabi/9.2.1/../../../../arm-none-eabi/lib/thumb/v7e-m+dp/hard/libc_nano.a(lib_a-nano-mallocr.o)
                0x0000000024004b34                __malloc_sbrk_start
 .bss.heap_end.5507
                0x0000000024004b38        0x4 /opt/homebrew/Cellar/arm-none-eabi-gcc/9-2019-q4-major/gcc/bin/../lib/gcc/arm-none-eabi/9.2.1/../../../../arm-none-eabi/lib/thumb/v7e-m+dp/hard/libnosys.a(sbrk.o)
 *(COMMON)
 COMMON         0x0000000024004b3c        0x4 build/stm32h7xx_hal.o
                0x0000000024004b3c                uwTick
 COMMON         0x0000000024004b40       0x40 build/queue.o
                0x0000000024004b40                xQueueRegistry
 COMMON         0x0000000024004b80       0x4c build/stm32h7xx_hal_timebase_tim.o
                0x0000000024004b80                htim2
 COMMON         0x0000000024004bcc      0x2b8 build/main.o
                0x0000000024004bcc                hdma_i2c4_tx
                0x0000000024004c44                defaultTaskHandle
                0x0000000024004c48                hi2c4
                0x0000000024004c94                hcrc
                0x0000000024004cb8                hdma_i2c4_rx
                0x0000000024004d30                hdsi
                0x0000000024004d4c                hltdc
                0x0000000024004df4                huart1
 COMMON         0x0000000024004e84      0x46c build/fatfs.o
                0x0000000024004e84                USERPath
                0x0000000024004e88                retUSER
                0x0000000024004e8c                USERFile
                0x00000000240050bc                USERFatFS
 COMMON         0x00000000240052f0        0x4 /opt/homebrew/Cellar/arm-none-eabi-gcc/9-2019-q4-major/gcc/bin/../lib/gcc/arm-none-eabi/9.2.1/../../../../arm-none-eabi/lib/thumb/v7e-m+dp/hard/libc_nano.a(lib_a-reent.o)
                0x00000000240052f0                errno
 COMMON         0x00000000240052f4        0x9 /opt/homebrew/Cellar/arm-none-eabi-gcc/9-2019-q4-major/gcc/bin/../lib/gcc/arm-none-eabi/9.2.1/../../../../arm-none-eabi/lib/thumb/v7e-m+dp/hard/libc_nano.a(lib_a-lock.o)
                0x00000000240052f4                __lock___atexit_recursive_mutex
                0x00000000240052f5                __lock___arc4random_mutex
                0x00000000240052f6                __lock___env_recursive_mutex
                0x00000000240052f7                __lock___sinit_recursive_mutex
                0x00000000240052f8                __lock___malloc_recursive_mutex
                0x00000000240052f9                __lock___at_quick_exit_mutex
                0x00000000240052fa                __lock___dd_hash_mutex
                0x00000000240052fb                __lock___tz_mutex
                0x00000000240052fc                __lock___sfp_recursive_mutex
                0x0000000024005300                . = ALIGN (0x4)
 *fill*         0x00000000240052fd        0x3 
                0x0000000024005300                _ebss = .
                0x0000000024005300                __bss_end__ = _ebss

._user_heap_stack
                0x0000000024005300      0x600 load address 0x00000000080090d4
                0x0000000024005300                . = ALIGN (0x8)
                0x0000000024005300                PROVIDE (end = .)
                [!provide]                        PROVIDE (_end = .)
                0x0000000024005500                . = (. + _Min_Heap_Size)
 *fill*         0x0000000024005300      0x200 
                0x0000000024005900                . = (. + _Min_Stack_Size)
 *fill*         0x0000000024005500      0x400 
                0x0000000024005900                . = ALIGN (0x8)

/DISCARD/
 libc.a(*)
 libm.a(*)
 libgcc.a(*)

.ARM.attributes
                0x0000000000000000       0x2e
 *(.ARM.attributes)
 .ARM.attributes
                0x0000000000000000       0x1e /opt/homebrew/Cellar/arm-none-eabi-gcc/9-2019-q4-major/gcc/bin/../lib/gcc/arm-none-eabi/9.2.1/thumb/v7e-m+dp/hard/crti.o
 .ARM.attributes
                0x000000000000001e       0x32 /opt/homebrew/Cellar/arm-none-eabi-gcc/9-2019-q4-major/gcc/bin/../lib/gcc/arm-none-eabi/9.2.1/thumb/v7e-m+dp/hard/crtbegin.o
 .ARM.attributes
                0x0000000000000050       0x32 build/ff_gen_drv.o
 .ARM.attributes
                0x0000000000000082       0x32 build/stm32h7xx_hal_ltdc.o
 .ARM.attributes
                0x00000000000000b4       0x32 build/stm32h7xx_hal_dsi.o
 .ARM.attributes
                0x00000000000000e6       0x32 build/stm32h7xx_hal_crc.o
 .ARM.attributes
                0x0000000000000118       0x32 build/stm32h7xx_hal_gpio.o
 .ARM.attributes
                0x000000000000014a       0x32 build/stm32h7xx_hal.o
 .ARM.attributes
                0x000000000000017c       0x32 build/stm32h7xx_hal_dma.o
 .ARM.attributes
                0x00000000000001ae       0x32 build/stm32h7xx_hal_uart.o
 .ARM.attributes
                0x00000000000001e0       0x32 build/stm32h7xx_hal_i2c.o
 .ARM.attributes
                0x0000000000000212       0x32 build/stm32h7xx_hal_crc_ex.o
 .ARM.attributes
                0x0000000000000244       0x32 build/stm32h7xx_hal_pwr_ex.o
 .ARM.attributes
                0x0000000000000276       0x32 build/stm32h7xx_hal_cortex.o
 .ARM.attributes
                0x00000000000002a8       0x32 build/stm32h7xx_hal_rcc.o
 .ARM.attributes
                0x00000000000002da       0x32 build/stm32h7xx_hal_rcc_ex.o
 .ARM.attributes
                0x000000000000030c       0x32 build/stm32h7xx_hal_hsem.o
 .ARM.attributes
                0x000000000000033e       0x32 build/stm32h7xx_hal_tim.o
 .ARM.attributes
                0x0000000000000370       0x32 build/stm32h7xx_hal_uart_ex.o
 .ARM.attributes
                0x00000000000003a2       0x32 build/stm32h7xx_hal_tim_ex.o
 .ARM.attributes
                0x00000000000003d4       0x32 build/stm32h7xx_hal_i2c_ex.o
 .ARM.attributes
                0x0000000000000406       0x32 build/list.o
 .ARM.attributes
                0x0000000000000438       0x32 build/port.o
 .ARM.attributes
                0x000000000000046a       0x32 build/heap_4.o
 .ARM.attributes
                0x000000000000049c       0x32 build/queue.o
 .ARM.attributes
                0x00000000000004ce       0x32 build/cmsis_os2.o
 .ARM.attributes
                0x0000000000000500       0x32 build/timers.o
 .ARM.attributes
                0x0000000000000532       0x32 build/tasks.o
 .ARM.attributes
                0x0000000000000564       0x32 build/user_diskio.o
 .ARM.attributes
                0x0000000000000596       0x32 build/stm32h7xx_hal_msp.o
 .ARM.attributes
                0x00000000000005c8       0x32 build/stm32h7xx_hal_timebase_tim.o
 .ARM.attributes
                0x00000000000005fa       0x32 build/system_stm32h7xx.o
 .ARM.attributes
                0x000000000000062c       0x32 build/main.o
 .ARM.attributes
                0x000000000000065e       0x32 build/fatfs.o
 .ARM.attributes
                0x0000000000000690       0x32 build/stm32h7xx_it.o
 .ARM.attributes
                0x00000000000006c2       0x21 build/startup_stm32h747xihx.o
 .ARM.attributes
                0x00000000000006e3       0x30 /opt/homebrew/Cellar/arm-none-eabi-gcc/9-2019-q4-major/gcc/bin/../lib/gcc/arm-none-eabi/9.2.1/../../../../arm-none-eabi/lib/thumb/v7e-m+dp/hard/libc_nano.a(lib_a-impure.o)
 .ARM.attributes
                0x0000000000000713       0x32 /opt/homebrew/Cellar/arm-none-eabi-gcc/9-2019-q4-major/gcc/bin/../lib/gcc/arm-none-eabi/9.2.1/../../../../arm-none-eabi/lib/thumb/v7e-m+dp/hard/libc_nano.a(lib_a-init.o)
 .ARM.attributes
                0x0000000000000745       0x32 /opt/homebrew/Cellar/arm-none-eabi-gcc/9-2019-q4-major/gcc/bin/../lib/gcc/arm-none-eabi/9.2.1/../../../../arm-none-eabi/lib/thumb/v7e-m+dp/hard/libc_nano.a(lib_a-memcpy-stub.o)
 .ARM.attributes
                0x0000000000000777       0x32 /opt/homebrew/Cellar/arm-none-eabi-gcc/9-2019-q4-major/gcc/bin/../lib/gcc/arm-none-eabi/9.2.1/../../../../arm-none-eabi/lib/thumb/v7e-m+dp/hard/libc_nano.a(lib_a-memset.o)
 .ARM.attributes
                0x00000000000007a9       0x32 /opt/homebrew/Cellar/arm-none-eabi-gcc/9-2019-q4-major/gcc/bin/../lib/gcc/arm-none-eabi/9.2.1/../../../../arm-none-eabi/lib/thumb/v7e-m+dp/hard/libc_nano.a(lib_a-nano-vfprintf_float.o)
 .ARM.attributes
                0x00000000000007db       0x32 /opt/homebrew/Cellar/arm-none-eabi-gcc/9-2019-q4-major/gcc/bin/../lib/gcc/arm-none-eabi/9.2.1/../../../../arm-none-eabi/lib/thumb/v7e-m+dp/hard/libc_nano.a(lib_a-nano-vfprintf_i.o)
 .ARM.attributes
                0x000000000000080d       0x17 /opt/homebrew/Cellar/arm-none-eabi-gcc/9-2019-q4-major/gcc/bin/../lib/gcc/arm-none-eabi/9.2.1/../../../../arm-none-eabi/lib/thumb/v7e-m+dp/hard/libc_nano.a(lib_a-strlen.o)
 .ARM.attributes
                0x0000000000000824       0x32 /opt/homebrew/Cellar/arm-none-eabi-gcc/9-2019-q4-major/gcc/bin/../lib/gcc/arm-none-eabi/9.2.1/../../../../arm-none-eabi/lib/thumb/v7e-m+dp/hard/libc_nano.a(lib_a-dtoa.o)
 .ARM.attributes
                0x0000000000000856       0x32 /opt/homebrew/Cellar/arm-none-eabi-gcc/9-2019-q4-major/gcc/bin/../lib/gcc/arm-none-eabi/9.2.1/../../../../arm-none-eabi/lib/thumb/v7e-m+dp/hard/libc_nano.a(lib_a-localeconv.o)
 .ARM.attributes
                0x0000000000000888       0x32 /opt/homebrew/Cellar/arm-none-eabi-gcc/9-2019-q4-major/gcc/bin/../lib/gcc/arm-none-eabi/9.2.1/../../../../arm-none-eabi/lib/thumb/v7e-m+dp/hard/libc_nano.a(lib_a-malloc.o)
 .ARM.attributes
                0x00000000000008ba       0x32 /opt/homebrew/Cellar/arm-none-eabi-gcc/9-2019-q4-major/gcc/bin/../lib/gcc/arm-none-eabi/9.2.1/../../../../arm-none-eabi/lib/thumb/v7e-m+dp/hard/libc_nano.a(lib_a-mprec.o)
 .ARM.attributes
                0x00000000000008ec       0x32 /opt/homebrew/Cellar/arm-none-eabi-gcc/9-2019-q4-major/gcc/bin/../lib/gcc/arm-none-eabi/9.2.1/../../../../arm-none-eabi/lib/thumb/v7e-m+dp/hard/libc_nano.a(lib_a-nano-callocr.o)
 .ARM.attributes
                0x000000000000091e       0x32 /opt/homebrew/Cellar/arm-none-eabi-gcc/9-2019-q4-major/gcc/bin/../lib/gcc/arm-none-eabi/9.2.1/../../../../arm-none-eabi/lib/thumb/v7e-m+dp/hard/libc_nano.a(lib_a-nano-mallocr.o)
 .ARM.attributes
                0x0000000000000950       0x32 /opt/homebrew/Cellar/arm-none-eabi-gcc/9-2019-q4-major/gcc/bin/../lib/gcc/arm-none-eabi/9.2.1/../../../../arm-none-eabi/lib/thumb/v7e-m+dp/hard/libc_nano.a(lib_a-sbrkr.o)
 .ARM.attributes
                0x0000000000000982       0x32 /opt/homebrew/Cellar/arm-none-eabi-gcc/9-2019-q4-major/gcc/bin/../lib/gcc/arm-none-eabi/9.2.1/../../../../arm-none-eabi/lib/thumb/v7e-m+dp/hard/libc_nano.a(lib_a-locale.o)
 .ARM.attributes
                0x00000000000009b4       0x32 /opt/homebrew/Cellar/arm-none-eabi-gcc/9-2019-q4-major/gcc/bin/../lib/gcc/arm-none-eabi/9.2.1/../../../../arm-none-eabi/lib/thumb/v7e-m+dp/hard/libc_nano.a(lib_a-mbtowc_r.o)
 .ARM.attributes
                0x00000000000009e6       0x32 /opt/homebrew/Cellar/arm-none-eabi-gcc/9-2019-q4-major/gcc/bin/../lib/gcc/arm-none-eabi/9.2.1/../../../../arm-none-eabi/lib/thumb/v7e-m+dp/hard/libc_nano.a(lib_a-mlock.o)
 .ARM.attributes
                0x0000000000000a18       0x32 /opt/homebrew/Cellar/arm-none-eabi-gcc/9-2019-q4-major/gcc/bin/../lib/gcc/arm-none-eabi/9.2.1/../../../../arm-none-eabi/lib/thumb/v7e-m+dp/hard/libc_nano.a(lib_a-reent.o)
 .ARM.attributes
                0x0000000000000a4a       0x32 /opt/homebrew/Cellar/arm-none-eabi-gcc/9-2019-q4-major/gcc/bin/../lib/gcc/arm-none-eabi/9.2.1/../../../../arm-none-eabi/lib/thumb/v7e-m+dp/hard/libc_nano.a(lib_a-wctomb_r.o)
 .ARM.attributes
                0x0000000000000a7c       0x30 /opt/homebrew/Cellar/arm-none-eabi-gcc/9-2019-q4-major/gcc/bin/../lib/gcc/arm-none-eabi/9.2.1/../../../../arm-none-eabi/lib/thumb/v7e-m+dp/hard/libc_nano.a(lib_a-ctype_.o)
 .ARM.attributes
                0x0000000000000aac       0x32 /opt/homebrew/Cellar/arm-none-eabi-gcc/9-2019-q4-major/gcc/bin/../lib/gcc/arm-none-eabi/9.2.1/../../../../arm-none-eabi/lib/thumb/v7e-m+dp/hard/libc_nano.a(lib_a-lock.o)
 .ARM.attributes
                0x0000000000000ade       0x32 /opt/homebrew/Cellar/arm-none-eabi-gcc/9-2019-q4-major/gcc/bin/../lib/gcc/arm-none-eabi/9.2.1/../../../../arm-none-eabi/lib/thumb/v7e-m+dp/hard/libnosys.a(sbrk.o)
 .ARM.attributes
                0x0000000000000b10       0x1e /opt/homebrew/Cellar/arm-none-eabi-gcc/9-2019-q4-major/gcc/bin/../lib/gcc/arm-none-eabi/9.2.1/thumb/v7e-m+dp/hard/libgcc.a(_aeabi_uldivmod.o)
 .ARM.attributes
                0x0000000000000b2e       0x32 /opt/homebrew/Cellar/arm-none-eabi-gcc/9-2019-q4-major/gcc/bin/../lib/gcc/arm-none-eabi/9.2.1/thumb/v7e-m+dp/hard/libgcc.a(_udivmoddi4.o)
 .ARM.attributes
                0x0000000000000b60       0x1e /opt/homebrew/Cellar/arm-none-eabi-gcc/9-2019-q4-major/gcc/bin/../lib/gcc/arm-none-eabi/9.2.1/thumb/v7e-m+dp/hard/libgcc.a(_dvmd_tls.o)
 .ARM.attributes
                0x0000000000000b7e       0x1e /opt/homebrew/Cellar/arm-none-eabi-gcc/9-2019-q4-major/gcc/bin/../lib/gcc/arm-none-eabi/9.2.1/thumb/v7e-m+dp/hard/crtn.o
OUTPUT(build/747_Disco.elf elf32-littlearm)

.debug_info     0x0000000000000000    0x4e7e7
 .debug_info    0x0000000000000000     0x11e1 build/ff_gen_drv.o
 .debug_info    0x00000000000011e1     0x2231 build/stm32h7xx_hal_ltdc.o
 .debug_info    0x0000000000003412     0x3019 build/stm32h7xx_hal_dsi.o
 .debug_info    0x000000000000642b     0x11ff build/stm32h7xx_hal_crc.o
 .debug_info    0x000000000000762a     0x1b85 build/stm32h7xx_hal_gpio.o
 .debug_info    0x00000000000091af     0x2743 build/stm32h7xx_hal.o
 .debug_info    0x000000000000b8f2     0x1bb9 build/stm32h7xx_hal_dma.o
 .debug_info    0x000000000000d4ab     0x3888 build/stm32h7xx_hal_uart.o